Component: ARM Compiler 5.06 update 7 (build 960) Tool: armlink [4d3601]

==============================================================================

Section Cross References

    startup_stm32f10x_hd.o(STACK) refers (Special) to heapauxi.o(.text) for __use_two_region_memory
    startup_stm32f10x_hd.o(HEAP) refers (Special) to heapauxi.o(.text) for __use_two_region_memory
    startup_stm32f10x_hd.o(RESET) refers (Special) to heapauxi.o(.text) for __use_two_region_memory
    startup_stm32f10x_hd.o(RESET) refers to startup_stm32f10x_hd.o(STACK) for __initial_sp
    startup_stm32f10x_hd.o(RESET) refers to startup_stm32f10x_hd.o(.text) for Reset_Handler
    startup_stm32f10x_hd.o(RESET) refers to stm32f10x_it.o(i.NMI_Handler) for NMI_Handler
    startup_stm32f10x_hd.o(RESET) refers to stm32f10x_it.o(i.HardFault_Handler) for HardFault_Handler
    startup_stm32f10x_hd.o(RESET) refers to stm32f10x_it.o(i.MemManage_Handler) for MemManage_Handler
    startup_stm32f10x_hd.o(RESET) refers to stm32f10x_it.o(i.BusFault_Handler) for BusFault_Handler
    startup_stm32f10x_hd.o(RESET) refers to stm32f10x_it.o(i.UsageFault_Handler) for UsageFault_Handler
    startup_stm32f10x_hd.o(RESET) refers to stm32f10x_it.o(i.SVC_Handler) for SVC_Handler
    startup_stm32f10x_hd.o(RESET) refers to stm32f10x_it.o(i.DebugMon_Handler) for DebugMon_Handler
    startup_stm32f10x_hd.o(RESET) refers to stm32f10x_it.o(i.PendSV_Handler) for PendSV_Handler
    startup_stm32f10x_hd.o(RESET) refers to stm32f10x_it.o(i.SysTick_Handler) for SysTick_Handler
    startup_stm32f10x_hd.o(.text) refers (Special) to heapauxi.o(.text) for __use_two_region_memory
    startup_stm32f10x_hd.o(.text) refers to system_stm32f10x.o(i.SystemInit) for SystemInit
    startup_stm32f10x_hd.o(.text) refers to __main.o(!!!main) for __main
    startup_stm32f10x_hd.o(.text) refers to startup_stm32f10x_hd.o(HEAP) for Heap_Mem
    startup_stm32f10x_hd.o(.text) refers to startup_stm32f10x_hd.o(STACK) for Stack_Mem
    system_stm32f10x.o(i.SetSysClock) refers to system_stm32f10x.o(i.SetSysClockTo72) for SetSysClockTo72
    system_stm32f10x.o(i.SystemCoreClockUpdate) refers to system_stm32f10x.o(.data) for SystemCoreClock
    system_stm32f10x.o(i.SystemInit) refers to system_stm32f10x.o(i.SetSysClock) for SetSysClock
    main.o(i.main) refers to _printf_percent.o(.ARM.Collect$$_printf_percent$$00000000) for _printf_percent
    main.o(i.main) refers to _printf_d.o(.ARM.Collect$$_printf_percent$$00000009) for _printf_d
    main.o(i.main) refers to _printf_dec.o(.text) for _printf_int_dec
    main.o(i.main) refers to stm32f10x_rcc.o(i.RCC_APB2PeriphClockCmd) for RCC_APB2PeriphClockCmd
    main.o(i.main) refers to stm32f10x_gpio.o(i.GPIO_PinRemapConfig) for GPIO_PinRemapConfig
    main.o(i.main) refers to oled.o(i.OLED_Init) for OLED_Init
    main.o(i.main) refers to sgp30.o(i.SGP30_Init) for SGP30_Init
    main.o(i.main) refers to noise.o(i.NOISE_Init) for NOISE_Init
    main.o(i.main) refers to buzzer.o(i.Buzzer_Init) for Buzzer_Init
    main.o(i.main) refers to openmv.o(i.OpenMV_Init) for OpenMV_Init
    main.o(i.main) refers to bsp_dht11.o(i.DHT11_Init) for DHT11_Init
    main.o(i.main) refers to oled.o(i.OLED_ShowString_6x8) for OLED_ShowString_6x8
    main.o(i.main) refers to openmv.o(i.OpenMV_Get_Signal) for OpenMV_Get_Signal
    main.o(i.main) refers to noise.o(i.Get_Sound_Intensity) for Get_Sound_Intensity
    main.o(i.main) refers to noretval__2sprintf.o(.text) for __2sprintf
    main.o(i.main) refers to bsp_dht11.o(i.DHT11_Read_Data) for DHT11_Read_Data
    main.o(i.main) refers to fflt_clz.o(x$fpl$ffltu) for __aeabi_ui2f
    main.o(i.main) refers to sgp30.o(i.Sgp30_Get_Value) for Sgp30_Get_Value
    main.o(i.main) refers to frleqf.o(x$fpl$frleqf) for __aeabi_cfrcmple
    main.o(i.main) refers to buzzer.o(i.Buzzer_ON) for Buzzer_ON
    main.o(i.main) refers to buzzer.o(i.Buzzer_OFF) for Buzzer_OFF
    main.o(i.main) refers to delay.o(i.Delay_ms) for Delay_ms
    main.o(i.main) refers to main.o(.data) for Sound_Intensity
    main.o(i.main) refers to main.o(.bss) for Temp_chr
    stm32f10x_adc.o(i.ADC_DeInit) refers to stm32f10x_rcc.o(i.RCC_APB2PeriphResetCmd) for RCC_APB2PeriphResetCmd
    stm32f10x_bkp.o(i.BKP_DeInit) refers to stm32f10x_rcc.o(i.RCC_BackupResetCmd) for RCC_BackupResetCmd
    stm32f10x_can.o(i.CAN_DeInit) refers to stm32f10x_rcc.o(i.RCC_APB1PeriphResetCmd) for RCC_APB1PeriphResetCmd
    stm32f10x_can.o(i.CAN_GetITStatus) refers to stm32f10x_can.o(i.CheckITStatus) for CheckITStatus
    stm32f10x_cec.o(i.CEC_DeInit) refers to stm32f10x_rcc.o(i.RCC_APB1PeriphResetCmd) for RCC_APB1PeriphResetCmd
    stm32f10x_dac.o(i.DAC_DeInit) refers to stm32f10x_rcc.o(i.RCC_APB1PeriphResetCmd) for RCC_APB1PeriphResetCmd
    stm32f10x_flash.o(i.FLASH_EnableWriteProtection) refers to stm32f10x_flash.o(i.FLASH_WaitForLastOperation) for FLASH_WaitForLastOperation
[...]
    Removing stm32f10x_rtc.o(i.RTC_GetFlagStatus), (24 bytes).
    Removing stm32f10x_rtc.o(i.RTC_GetITStatus), (36 bytes).
    Removing stm32f10x_rtc.o(i.RTC_ITConfig), (32 bytes).
    Removing stm32f10x_rtc.o(i.RTC_SetAlarm), (28 bytes).
    Removing stm32f10x_rtc.o(i.RTC_SetCounter), (28 bytes).
    Removing stm32f10x_rtc.o(i.RTC_SetPrescaler), (32 bytes).
    Removing stm32f10x_rtc.o(i.RTC_WaitForLastTask), (20 bytes).
    Removing stm32f10x_rtc.o(i.RTC_WaitForSynchro), (36 bytes).
    Removing stm32f10x_sdio.o(i.SDIO_CEATAITCmd), (16 bytes).
    Removing stm32f10x_sdio.o(i.SDIO_ClearFlag), (12 bytes).
    Removing stm32f10x_sdio.o(i.SDIO_ClearITPendingBit), (12 bytes).
    Removing stm32f10x_sdio.o(i.SDIO_ClockCmd), (12 bytes).
    Removing stm32f10x_sdio.o(i.SDIO_CmdStructInit), (14 bytes).
    Removing stm32f10x_sdio.o(i.SDIO_CommandCompletionCmd), (12 bytes).
    Removing stm32f10x_sdio.o(i.SDIO_DMACmd), (12 bytes).
    Removing stm32f10x_sdio.o(i.SDIO_DataConfig), (48 bytes).
    Removing stm32f10x_sdio.o(i.SDIO_DataStructInit), (20 bytes).
    Removing stm32f10x_sdio.o(i.SDIO_DeInit), (36 bytes).
    Removing stm32f10x_sdio.o(i.SDIO_GetCommandResponse), (12 bytes).
    Removing stm32f10x_sdio.o(i.SDIO_GetDataCounter), (12 bytes).
    Removing stm32f10x_sdio.o(i.SDIO_GetFIFOCount), (12 bytes).
    Removing stm32f10x_sdio.o(i.SDIO_GetFlagStatus), (24 bytes).
    Removing stm32f10x_sdio.o(i.SDIO_GetITStatus), (24 bytes).
    Removing stm32f10x_sdio.o(i.SDIO_GetPowerState), (16 bytes).
    Removing stm32f10x_sdio.o(i.SDIO_GetResponse), (24 bytes).
    Removing stm32f10x_sdio.o(i.SDIO_ITConfig), (32 bytes).
    Removing stm32f10x_sdio.o(i.SDIO_Init), (48 bytes).
    Removing stm32f10x_sdio.o(i.SDIO_ReadData), (12 bytes).
    Removing stm32f10x_sdio.o(i.SDIO_SendCEATACmd), (12 bytes).
    Removing stm32f10x_sdio.o(i.SDIO_SendCommand), (44 bytes).
    Removing stm32f10x_sdio.o(i.SDIO_SendSDIOSuspendCmd), (12 bytes).
    Removing stm32f10x_sdio.o(i.SDIO_SetPowerState), (28 bytes).
    Removing stm32f10x_sdio.o(i.SDIO_SetSDIOOperation), (12 bytes).
    Removing stm32f10x_sdio.o(i.SDIO_SetSDIOReadWaitMode), (12 bytes).
    Removing stm32f10x_sdio.o(i.SDIO_StartSDIOReadWait), (12 bytes).
    Removing stm32f10x_sdio.o(i.SDIO_StopSDIOReadWait), (12 bytes).
    Removing stm32f10x_sdio.o(i.SDIO_StructInit), (16 bytes).
    Removing stm32f10x_sdio.o(i.SDIO_WriteData), (12 bytes).
    Removing stm32f10x_spi.o(i.I2S_Cmd), (24 bytes).
    Removing stm32f10x_spi.o(i.I2S_Init), (232 bytes).
    Removing stm32f10x_spi.o(i.I2S_StructInit), (20 bytes).
    Removing stm32f10x_spi.o(i.SPI_BiDirectionalLineConfig), (28 bytes).
    Removing stm32f10x_spi.o(i.SPI_CalculateCRC), (24 bytes).
    Removing stm32f10x_spi.o(i.SPI_Cmd), (24 bytes).
    Removing stm32f10x_spi.o(i.SPI_DataSizeConfig), (18 bytes).
    Removing stm32f10x_spi.o(i.SPI_GetCRC), (16 bytes).
    Removing stm32f10x_spi.o(i.SPI_GetCRCPolynomial), (6 bytes).
    Removing stm32f10x_spi.o(i.SPI_I2S_ClearFlag), (6 bytes).
    Removing stm32f10x_spi.o(i.SPI_I2S_ClearITPendingBit), (20 bytes).
    Removing stm32f10x_spi.o(i.SPI_I2S_DMACmd), (18 bytes).
    Removing stm32f10x_spi.o(i.SPI_I2S_DeInit), (88 bytes).
    Removing stm32f10x_spi.o(i.SPI_I2S_GetFlagStatus), (18 bytes).
    Removing stm32f10x_spi.o(i.SPI_I2S_GetITStatus), (52 bytes).
    Removing stm32f10x_spi.o(i.SPI_I2S_ITConfig), (32 bytes).
    Removing stm32f10x_spi.o(i.SPI_I2S_ReceiveData), (6 bytes).
    Removing stm32f10x_spi.o(i.SPI_I2S_SendData), (4 bytes).
    Removing stm32f10x_spi.o(i.SPI_Init), (60 bytes).
    Removing stm32f10x_spi.o(i.SPI_NSSInternalSoftwareConfig), (30 bytes).
    Removing stm32f10x_spi.o(i.SPI_SSOutputCmd), (24 bytes).
    Removing stm32f10x_spi.o(i.SPI_StructInit), (24 bytes).
    Removing stm32f10x_spi.o(i.SPI_TransmitCRC), (10 bytes).
    Removing stm32f10x_tim.o(i.TI1_Config), (128 bytes).
    Removing stm32f10x_tim.o(i.TI2_Config), (152 bytes).
    Removing stm32f10x_tim.o(i.TI3_Config), (144 bytes).
    Removing stm32f10x_tim.o(i.TI4_Config), (152 bytes).
    Removing stm32f10x_tim.o(i.TIM_ARRPreloadConfig), (24 bytes).
    Removing stm32f10x_tim.o(i.TIM_BDTRConfig), (32 bytes).
    Removing stm32f10x_tim.o(i.TIM_BDTRStructInit), (18 bytes).
    Removing stm32f10x_tim.o(i.TIM_CCPreloadControl), (24 bytes).
    Removing stm32f10x_tim.o(i.TIM_CCxCmd), (30 bytes).
    Removing stm32f10x_tim.o(i.TIM_CCxNCmd), (30 bytes).
    Removing stm32f10x_tim.o(i.TIM_ClearFlag), (6 bytes).
    Removing stm32f10x_tim.o(i.TIM_ClearITPendingBit), (6 bytes).
    Removing stm32f10x_tim.o(i.TIM_ClearOC1Ref), (18 bytes).
    Removing stm32f10x_tim.o(i.TIM_ClearOC2Ref), (24 bytes).
    Removing stm32f10x_tim.o(i.TIM_ClearOC3Ref), (18 bytes).
    Removing stm32f10x_tim.o(i.TIM_ClearOC4Ref), (24 bytes).
    Removing stm32f10x_tim.o(i.TIM_Cmd), (24 bytes).
    Removing stm32f10x_tim.o(i.TIM_CounterModeConfig), (18 bytes).
    Removing stm32f10x_tim.o(i.TIM_CtrlPWMOutputs), (30 bytes).
    Removing stm32f10x_tim.o(i.TIM_DMACmd), (18 bytes).
    Removing stm32f10x_tim.o(i.TIM_DMAConfig), (10 bytes).
    Removing stm32f10x_tim.o(i.TIM_DeInit), (488 bytes).
    Removing stm32f10x_tim.o(i.TIM_ETRClockMode1Config), (54 bytes).
    Removing stm32f10x_tim.o(i.TIM_ETRClockMode2Config), (32 bytes).
    Removing stm32f10x_tim.o(i.TIM_ETRConfig), (28 bytes).
    Removing stm32f10x_tim.o(i.TIM_EncoderInterfaceConfig), (66 bytes).
    Removing stm32f10x_tim.o(i.TIM_ForcedOC1Config), (18 bytes).
    Removing stm32f10x_tim.o(i.TIM_ForcedOC2Config), (26 bytes).
    Removing stm32f10x_tim.o(i.TIM_ForcedOC3Config), (18 bytes).
    Removing stm32f10x_tim.o(i.TIM_ForcedOC4Config), (26 bytes).
    Removing stm32f10x_tim.o(i.TIM_GenerateEvent), (4 bytes).
    Removing stm32f10x_tim.o(i.TIM_GetCapture1), (6 bytes).
    Removing stm32f10x_tim.o(i.TIM_GetCapture2), (6 bytes).
    Removing stm32f10x_tim.o(i.TIM_GetCapture3), (6 bytes).
    Removing stm32f10x_tim.o(i.TIM_GetCapture4), (8 bytes).
    Removing stm32f10x_tim.o(i.TIM_GetCounter), (6 bytes).
    Removing stm32f10x_tim.o(i.TIM_GetFlagStatus), (18 bytes).
    Removing stm32f10x_tim.o(i.TIM_GetITStatus), (34 bytes).
    Removing stm32f10x_tim.o(i.TIM_GetPrescaler), (6 bytes).
    Removing stm32f10x_tim.o(i.TIM_ICInit), (172 bytes).
    Removing stm32f10x_tim.o(i.TIM_ICStructInit), (18 bytes).
    Removing stm32f10x_tim.o(i.TIM_ITConfig), (18 bytes).
    Removing stm32f10x_tim.o(i.TIM_ITRxExternalClockConfig), (24 bytes).
    Removing stm32f10x_tim.o(i.TIM_InternalClockConfig), (12 bytes).
    Removing stm32f10x_tim.o(i.TIM_OC1FastConfig), (18 bytes).
    Removing stm32f10x_tim.o(i.TIM_OC1Init), (152 bytes).
    Removing stm32f10x_tim.o(i.TIM_OC1NPolarityConfig), (18 bytes).
    Removing stm32f10x_tim.o(i.TIM_OC1PolarityConfig), (18 bytes).
    Removing stm32f10x_tim.o(i.TIM_OC1PreloadConfig), (18 bytes).
    Removing stm32f10x_tim.o(i.TIM_OC2FastConfig), (26 bytes).
    Removing stm32f10x_tim.o(i.TIM_OC2Init), (164 bytes).
    Removing stm32f10x_tim.o(i.TIM_OC2NPolarityConfig), (26 bytes).
    Removing stm32f10x_tim.o(i.TIM_OC2PolarityConfig), (26 bytes).
    Removing stm32f10x_tim.o(i.TIM_OC2PreloadConfig), (26 bytes).
    Removing stm32f10x_tim.o(i.TIM_OC3FastConfig), (18 bytes).
    Removing stm32f10x_tim.o(i.TIM_OC3Init), (160 bytes).
    Removing stm32f10x_tim.o(i.TIM_OC3NPolarityConfig), (26 bytes).
    Removing stm32f10x_tim.o(i.TIM_OC3PolarityConfig), (26 bytes).
    Removing stm32f10x_tim.o(i.TIM_OC3PreloadConfig), (18 bytes).
    Removing stm32f10x_tim.o(i.TIM_OC4FastConfig), (26 bytes).
    Removing stm32f10x_tim.o(i.TIM_OC4Init), (124 bytes).
    Removing stm32f10x_tim.o(i.TIM_OC4PolarityConfig), (26 bytes).
    Removing stm32f10x_tim.o(i.TIM_OC4PreloadConfig), (26 bytes).
    Removing stm32f10x_tim.o(i.TIM_OCStructInit), (20 bytes).
    Removing stm32f10x_tim.o(i.TIM_PWMIConfig), (124 bytes).
    Removing stm32f10x_tim.o(i.TIM_PrescalerConfig), (6 bytes).
    Removing stm32f10x_tim.o(i.TIM_SelectCCDMA), (24 bytes).
    Removing stm32f10x_tim.o(i.TIM_SelectCOM), (24 bytes).
    Removing stm32f10x_tim.o(i.TIM_SelectHallSensor), (24 bytes).
    Removing stm32f10x_tim.o(i.TIM_SelectInputTrigger), (18 bytes).
    Removing stm32f10x_tim.o(i.TIM_SelectMasterSlaveMode), (18 bytes).
    Removing stm32f10x_tim.o(i.TIM_SelectOCxM), (82 bytes).
    Removing stm32f10x_tim.o(i.TIM_SelectOnePulseMode), (18 bytes).
    Removing stm32f10x_tim.o(i.TIM_SelectOutputTrigger), (18 bytes).
    Removing stm32f10x_tim.o(i.TIM_SelectSlaveMode), (18 bytes).
    Removing stm32f10x_tim.o(i.TIM_SetAutoreload), (4 bytes).
    Removing stm32f10x_tim.o(i.TIM_SetClockDivision), (18 bytes).
    Removing stm32f10x_tim.o(i.TIM_SetCompare1), (4 bytes).
    Removing stm32f10x_tim.o(i.TIM_SetCompare2), (4 bytes).
    Removing stm32f10x_tim.o(i.TIM_SetCompare3), (4 bytes).
    Removing stm32f10x_tim.o(i.TIM_SetCompare4), (6 bytes).
    Removing stm32f10x_tim.o(i.TIM_SetCounter), (4 bytes).
    Removing stm32f10x_tim.o(i.TIM_SetIC1Prescaler), (18 bytes).
    Removing stm32f10x_tim.o(i.TIM_SetIC2Prescaler), (26 bytes).
    Removing stm32f10x_tim.o(i.TIM_SetIC3Prescaler), (18 bytes).
    Removing stm32f10x_tim.o(i.TIM_SetIC4Prescaler), (26 bytes).
    Removing stm32f10x_tim.o(i.TIM_TIxExternalClockConfig), (62 bytes).
    Removing stm32f10x_tim.o(i.TIM_TimeBaseInit), (164 bytes).
    Removing stm32f10x_tim.o(i.TIM_TimeBaseStructInit), (18 bytes).
    Removing stm32f10x_tim.o(i.TIM_UpdateDisableConfig), (24 bytes).
    Removing stm32f10x_tim.o(i.TIM_UpdateRequestConfig), (24 bytes).
    Removing stm32f10x_usart.o(i.USART_ClearFlag), (18 bytes).
    Removing stm32f10x_usart.o(i.USART_ClearITPendingBit), (30 bytes).
    Removing stm32f10x_usart.o(i.USART_ClockInit), (34 bytes).
    Removing stm32f10x_usart.o(i.USART_ClockStructInit), (12 bytes).
    Removing stm32f10x_usart.o(i.USART_Cmd), (24 bytes).
    Removing stm32f10x_usart.o(i.USART_DMACmd), (18 bytes).
    Removing stm32f10x_usart.o(i.USART_DeInit), (156 bytes).
    Removing stm32f10x_usart.o(i.USART_GetFlagStatus), (26 bytes).
    Removing stm32f10x_usart.o(i.USART_GetITStatus), (84 bytes).
    Removing stm32f10x_usart.o(i.USART_HalfDuplexCmd), (24 bytes).
    Removing stm32f10x_usart.o(i.USART_ITConfig), (74 bytes).
    Removing stm32f10x_usart.o(i.USART_Init), (216 bytes).
    Removing stm32f10x_usart.o(i.USART_IrDACmd), (24 bytes).
    Removing stm32f10x_usart.o(i.USART_IrDAConfig), (18 bytes).
    Removing stm32f10x_usart.o(i.USART_LINBreakDetectLengthConfig), (18 bytes).
    Removing stm32f10x_usart.o(i.USART_LINCmd), (24 bytes).
    Removing stm32f10x_usart.o(i.USART_OneBitMethodCmd), (24 bytes).
    Removing stm32f10x_usart.o(i.USART_OverSampling8Cmd), (22 bytes).
    Removing stm32f10x_usart.o(i.USART_ReceiveData), (10 bytes).
    Removing stm32f10x_usart.o(i.USART_ReceiverWakeUpCmd), (24 bytes).
    Removing stm32f10x_usart.o(i.USART_SendBreak), (10 bytes).
    Removing stm32f10x_usart.o(i.USART_SendData), (8 bytes).
    Removing stm32f10x_usart.o(i.USART_SetAddress), (18 bytes).
    Removing stm32f10x_usart.o(i.USART_SetGuardTime), (16 bytes).
    Removing stm32f10x_usart.o(i.USART_SetPrescaler), (16 bytes).
    Removing stm32f10x_usart.o(i.USART_SmartCardCmd), (24 bytes).
    Removing stm32f10x_usart.o(i.USART_SmartCardNACKCmd), (24 bytes).
    Removing stm32f10x_usart.o(i.USART_StructInit), (24 bytes).
    Removing stm32f10x_usart.o(i.USART_WakeUpConfig), (18 bytes).
    Removing stm32f10x_wwdg.o(i.WWDG_ClearFlag), (12 bytes).
    Removing stm32f10x_wwdg.o(i.WWDG_DeInit), (22 bytes).
    Removing stm32f10x_wwdg.o(i.WWDG_Enable), (16 bytes).
    Removing stm32f10x_wwdg.o(i.WWDG_EnableIT), (12 bytes).
    Removing stm32f10x_wwdg.o(i.WWDG_GetFlagStatus), (12 bytes).
    Removing stm32f10x_wwdg.o(i.WWDG_SetCounter), (16 bytes).
    Removing stm32f10x_wwdg.o(i.WWDG_SetPrescaler), (24 bytes).
    Removing stm32f10x_wwdg.o(i.WWDG_SetWindowValue), (40 bytes).
    Removing oled.o(i.OLED_Pow), (20 bytes).
    Removing oled.o(i.OLED_ShowBinNum), (62 bytes).
    Removing oled.o(i.OLED_ShowChar), (116 bytes).
    Removing oled.o(i.OLED_ShowHexNum), (84 bytes).
    Removing oled.o(i.OLED_ShowNum), (68 bytes).
    Removing oled.o(i.OLED_ShowSignedNum), (102 bytes).
    Removing oled.o(i.OLED_ShowString), (40 bytes).
    Removing delay.o(i.Delay_s), (24 bytes).
    Removing motor.o(i.Encoder_Init), (184 bytes).
    Removing motor.o(i.MOTOR_Init), (180 bytes).
    Removing motor.o(i.Motor_SetSpeed), (212 bytes).
    Removing motor.o(i.Read_Encoder_A), (28 bytes).
    Removing motor.o(i.Read_Encoder_B), (26 bytes).
    Removing pid.o(i.PID_init), (28 bytes).
    Removing pid.o(i.PI_increment), (164 bytes).

470 unused section(s) (total 19712 bytes) removed from the image.

==============================================================================

Image Symbol Table

    Local Symbols

    Symbol Name                              Value     Ov Type        Size  Object(Section)

    ../clib/angel/boardlib.s                 0x00000000   Number         0  boardshut.o ABSOLUTE
    ../clib/angel/boardlib.s                 0x00000000   Number         0  boardinit1.o ABSOLUTE
    ../clib/angel/boardlib.s                 0x00000000   Number         0  boardinit2.o ABSOLUTE
    ../clib/angel/boardlib.s                 0x00000000   Number         0  boardinit3.o ABSOLUTE
    ../clib/angel/handlers.s                 0x00000000   Number         0  __scatter_zi.o ABSOLUTE
    ../clib/angel/handlers.s                 0x00000000   Number         0  __scatter_copy.o ABSOLUTE
    ../clib/angel/kernel.s                   0x00000000   Number         0  rtexit.o ABSOLUTE
    ../clib/angel/kernel.s                   0x00000000   Number         0  __rtentry.o ABSOLUTE
    ../clib/angel/kernel.s                   0x00000000   Number         0  rtexit2.o ABSOLUTE
    ../clib/angel/kernel.s                   0x00000000   Number         0  __rtentry2.o ABSOLUTE
    ../clib/angel/kernel.s                   0x00000000   Number         0  __rtentry4.o ABSOLUTE
    ../clib/angel/rt.s                       0x00000000   Number         0  rt_raise.o ABSOLUTE
    ../clib/angel/scatter.s                  0x00000000   Number         0  __scatter.o ABSOLUTE
    ../clib/angel/startup.s                  0x00000000   Number         0  __main.o ABSOLUTE
    ../clib/angel/sys.s                      0x00000000   Number         0  libspace.o ABSOLUTE
    ../clib/angel/sys.s                      0x00000000   Number         0  indicate_semi.o ABSOLUTE
    ../clib/angel/sys.s                      0x00000000   Number         0  sys_stackheap_outer.o ABSOLUTE
    ../clib/angel/sys.s                      0x00000000   Number         0  use_no_semi.o ABSOLUTE
    ../clib/angel/sysapp.c                   0x00000000   Number         0  sys_wrch.o ABSOLUTE
    ../clib/angel/sysapp.c                   0x00000000   Number         0  sys_exit.o ABSOLUTE
    ../clib/angel/sysapp.c                   0x00000000   Number         0  sys_command.o ABSOLUTE
    ../clib/armsys.c                         0x00000000   Number         0  argv_veneer.o ABSOLUTE
    ../clib/armsys.c                         0x00000000   Number         0  argv_veneer.o ABSOLUTE
    ../clib/armsys.c                         0x00000000   Number         0  _get_argv_nomalloc.o ABSOLUTE
    ../clib/armsys.c                         0x00000000   Number         0  no_argv.o ABSOLUTE
    ../clib/heapalloc.c                      0x00000000   Number         0  hrguard.o ABSOLUTE
    ../clib/heapaux.c                        0x00000000   Number         0  heapauxi.o ABSOLUTE
    ../clib/libinit.s                        0x00000000   Number         0  libinit2.o ABSOLUTE
    ../clib/libinit.s                        0x00000000   Number         0  libinit.o ABSOLUTE
    ../clib/libinit.s                        0x00000000   Number         0  libshutdown.o ABSOLUTE
    ../clib/libinit.s                        0x00000000   Number         0  libshutdown2.o ABSOLUTE
    ../clib/printf.c                         0x00000000   Number         0  __printf_flags_wp.o ABSOLUTE
    ../clib/printf.c                         0x00000000   Number         0  __2sprintf.o ABSOLUTE
    ../clib/printf.c                         0x00000000   Number         0  noretval__2sprintf.o ABSOLUTE
    ../clib/printf.c                         0x00000000   Number         0  _sputc.o ABSOLUTE
    ../clib/printf.c                         0x00000000   Number         0  _printf_char_common.o ABSOLUTE
    ../clib/printf.c                         0x00000000   Number         0  _printf_intcommon.o ABSOLUTE
    ../clib/printf.c                         0x00000000   Number         0  __printf.o ABSOLUTE
    ../clib/printf.c                         0x00000000   Number         0  __printf_flags_ss.o ABSOLUTE
    ../clib/printf.c                         0x00000000   Number         0  _printf_dec.o ABSOLUTE
    ../clib/printf.c                         0x00000000   Number         0  __printf_ss.o ABSOLUTE
    ../clib/printf.c                         0x00000000   Number         0  __printf_wp.o ABSOLUTE
    ../clib/printf.c                         0x00000000   Number         0  __printf_nopercent.o ABSOLUTE
    ../clib/printf.c                         0x00000000   Number         0  __printf_flags.o ABSOLUTE
    ../clib/printf.c                         0x00000000   Number         0  __printf_flags_ss_wp.o ABSOLUTE
    ../clib/printf.c                         0x00000000   Number         0  __printf_ss_wp.o ABSOLUTE
    ../clib/printf_percent.s                 0x00000000   Number         0  _printf_percent_end.o ABSOLUTE
    ../clib/printf_percent.s                 0x00000000   Number         0  _printf_percent.o ABSOLUTE
    ../clib/printf_percent.s                 0x00000000   Number         0  _printf_d.o ABSOLUTE
    ../clib/signal.c                         0x00000000   Number         0  defsig_rtmem_inner.o ABSOLUTE
    ../clib/signal.c                         0x00000000   Number         0  defsig_abrt_inner.o ABSOLUTE
    ../clib/signal.c                         0x00000000   Number         0  defsig_general.o ABSOLUTE
    ../clib/signal.c                         0x00000000   Number         0  __raise.o ABSOLUTE
    ../clib/signal.c                         0x00000000   Number         0  defsig_pvfn_inner.o ABSOLUTE
    ../clib/signal.c                         0x00000000   Number         0  defsig_exit.o ABSOLUTE
    ../clib/signal.c                         0x00000000   Number         0  defsig_other.o ABSOLUTE
    ../clib/signal.c                         0x00000000   Number         0  defsig_rtmem_formal.o ABSOLUTE
    ../clib/signal.c                         0x00000000   Number         0  defsig_fpe_inner.o ABSOLUTE
    ../clib/signal.c                         0x00000000   Number         0  defsig_segv_inner.o ABSOLUTE
    ../clib/signal.c                         0x00000000   Number         0  defsig_cppl_inner.o ABSOLUTE
    ../clib/signal.c                         0x00000000   Number         0  defsig_stak_inner.o ABSOLUTE
    ../clib/signal.c                         0x00000000   Number         0  defsig_rtred_inner.o ABSOLUTE
    ../clib/signal.c                         0x00000000   Number         0  defsig_rtmem_outer.o ABSOLUTE
    ../clib/signal.s                         0x00000000   Number         0  defsig.o ABSOLUTE
    ../clib/stdlib.c                         0x00000000   Number         0  exit.o ABSOLUTE
    ../fplib/faddsub.s                       0x00000000   Number         0  faddsub_clz.o ABSOLUTE
    ../fplib/fcmpi.s                         0x00000000   Number         0  fcmpi.o ABSOLUTE
    ../fplib/fflt.s                          0x00000000   Number         0  fflt_clz.o ABSOLUTE
    ../fplib/fleqf.s                         0x00000000   Number         0  fleqf.o ABSOLUTE
    ../fplib/fmul.s                          0x00000000   Number         0  fmul.o ABSOLUTE
    ../fplib/fnaninf.s                       0x00000000   Number         0  fnaninf.o ABSOLUTE
    ../fplib/fpinit.s                        0x00000000   Number         0  fpinit.o ABSOLUTE
    ../fplib/fretinf.s                       0x00000000   Number         0  fretinf.o ABSOLUTE
    ../fplib/frleqf.s                        0x00000000   Number         0  frleqf.o ABSOLUTE
    ../fplib/usenofp.s                       0x00000000   Number         0  usenofp.o ABSOLUTE
    D:\car\8.TB6612电机驱动模块\TB6612电机调速资料\1.代码\TB6612FNG模块例程\TB6612FNG模块例程\USER\pid.c 0x00000000   Number         0  pid.o ABSOLUTE
    Hardware\Buzzer.c                        0x00000000   Number         0  buzzer.o ABSOLUTE
    Hardware\Delay.c                         0x00000000   Number         0  delay.o ABSOLUTE
    Hardware\Motor.c                         0x00000000   Number         0  motor.o ABSOLUTE
    Hardware\NOISE.c                         0x00000000   Number         0  noise.o ABSOLUTE
    Hardware\OLED.c                          0x00000000   Number         0  oled.o ABSOLUTE
    Hardware\OPENMV.c                        0x00000000   Number         0  openmv.o ABSOLUTE
    Hardware\bsp_DHT11.c                     0x00000000   Number         0  bsp_dht11.o ABSOLUTE
    Hardware\sgp30.c                         0x00000000   Number         0  sgp30.o ABSOLUTE
    Library\misc.c                           0x00000000   Number         0  misc.o ABSOLUTE
    Library\stm32f10x_adc.c                  0x00000000   Number         0  stm32f10x_adc.o ABSOLUTE
    Library\stm32f10x_bkp.c                  0x00000000   Number         0  stm32f10x_bkp.o ABSOLUTE
    Library\stm32f10x_can.c                  0x00000000   Number         0  stm32f10x_can.o ABSOLUTE
    Library\stm32f10x_cec.c                  0x00000000   Number         0  stm32f10x_cec.o ABSOLUTE
    Library\stm32f10x_crc.c                  0x00000000   Number         0  stm32f10x_crc.o ABSOLUTE
    Library\stm32f10x_dac.c                  0x00000000   Number         0  stm32f10x_dac.o ABSOLUTE
    Library\stm32f10x_dbgmcu.c               0x00000000   Number         0  stm32f10x_dbgmcu.o ABSOLUTE
    Library\stm32f10x_dma.c                  0x00000000   Number         0  stm32f10x_dma.o ABSOLUTE
    Library\stm32f10x_exti.c                 0x00000000   Number         0  stm32f10x_exti.o ABSOLUTE
    Library\stm32f10x_flash.c                0x00000000   Number         0  stm32f10x_flash.o ABSOLUTE
    Library\stm32f10x_fsmc.c                 0x00000000   Number         0  stm32f10x_fsmc.o ABSOLUTE
    Library\stm32f10x_gpio.c                 0x00000000   Number         0  stm32f10x_gpio.o ABSOLUTE
    Library\stm32f10x_i2c.c                  0x00000000   Number         0  stm32f10x_i2c.o ABSOLUTE
    Library\stm32f10x_iwdg.c                 0x00000000   Number         0  stm32f10x_iwdg.o ABSOLUTE
    Library\stm32f10x_pwr.c                  0x00000000   Number         0  stm32f10x_pwr.o ABSOLUTE
    Library\stm32f10x_rcc.c                  0x00000000   Number         0  stm32f10x_rcc.o ABSOLUTE
    Library\stm32f10x_rtc.c                  0x00000000   Number         0  stm32f10x_rtc.o ABSOLUTE
    Library\stm32f10x_sdio.c                 0x00000000   Number         0  stm32f10x_sdio.o ABSOLUTE
    Library\stm32f10x_spi.c                  0x00000000   Number         0  stm32f10x_spi.o ABSOLUTE
    Library\stm32f10x_tim.c                  0x00000000   Number         0  stm32f10x_tim.o ABSOLUTE
    Library\stm32f10x_usart.c                0x00000000   Number         0  stm32f10x_usart.o ABSOLUTE
    Library\stm32f10x_wwdg.c                 0x00000000   Number         0  stm32f10x_wwdg.o ABSOLUTE
    Start\\core_cm3.c                        0x00000000   Number         0  core_cm3.o ABSOLUTE
    Start\core_cm3.c                         0x00000000   Number         0  core_cm3.o ABSOLUTE
    Start\startup_stm32f10x_hd.s             0x00000000   Number         0  startup_stm32f10x_hd.o ABSOLUTE
    Start\system_stm32f10x.c                 0x00000000   Number         0  system_stm32f10x.o ABSOLUTE
    User\main.c                              0x00000000   Number         0  main.o ABSOLUTE
    User\stm32f10x_it.c                      0x00000000   Number         0  stm32f10x_it.o ABSOLUTE
    dc.s                                     0x00000000   Number         0  dc.o ABSOLUTE
    RESET                                    0x08000000   Section      304  startup_stm32f10x_hd.o(RESET)
    !!!main                                  0x08000130   Section        8  __main.o(!!!main)
    !!!scatter                               0x08000138   Section       52  __scatter.o(!!!scatter)
    !!handler_copy                           0x0800016c   Section       26  __scatter_copy.o(!!handler_copy)
    !!handler_zi                             0x08000188   Section       28  __scatter_zi.o(!!handler_zi)
    .ARM.Collect$$_printf_percent$$00000000  0x080001a4   Section        0  _printf_percent.o(.ARM.Collect$$_printf_percent$$00000000)
    .ARM.Collect$$_printf_percent$$00000009  0x080001a4   Section        6  _printf_d.o(.ARM.Collect$$_printf_percent$$00000009)
    .ARM.Collect$$_printf_percent$$00000017  0x080001aa   Section        4  _printf_percent_end.o(.ARM.Collect$$_printf_percent$$00000017)
    .ARM.Collect$$libinit$$00000000          0x080001ae   Section        2  libinit.o(.ARM.Collect$$libinit$$00000000)
    .ARM.Collect$$libinit$$00000002          0x080001b0   Section        0  libinit2.o(.ARM.Collect$$libinit$$00000002)
    .ARM.Collect$$libinit$$00000004          0x080001b0   Section        0  libinit2.o(.ARM.Collect$$libinit$$00000004)
    .ARM.Collect$$libinit$$0000000A          0x080001b0   Section        0  libinit2.o(.ARM.Collect$$libinit$$0000000A)
    .ARM.Collect$$libinit$$0000000C          0x080001b0   Section        0  libinit2.o(.ARM.Collect$$libinit$$0000000C)
    .ARM.Collect$$libinit$$0000000E          0x080001b0   Section        0  libinit2.o(.ARM.Collect$$libinit$$0000000E)
    .ARM.Collect$$libinit$$00000011          0x080001b0   Section        0  libinit2.o(.ARM.Collect$$libinit$$00000011)
    .ARM.Collect$$libinit$$00000013          0x080001b0   Section        0  libinit2.o(.ARM.Collect$$libinit$$00000013)
    .ARM.Collect$$libinit$$00000015          0x080001b0   Section        0  libinit2.o(.ARM.Collect$$libinit$$00000015)
    .ARM.Collect$$libinit$$00000017          0x080001b0   Section        0  libinit2.o(.ARM.Collect$$libinit$$00000017)
    .ARM.Collect$$libinit$$00000019          0x080001b0   Section        0  libinit2.o(.ARM.Collect$$libinit$$00000019)
    .ARM.Collect$$libinit$$0000001B          0x080001b0   Section        0  libinit2.o(.ARM.Collect$$libinit$$0000001B)
    .ARM.Collect$$libinit$$0000001D          0x080001b0   Section        0  libinit2.o(.ARM.Collect$$libinit$$0000001D)
    .ARM.Collect$$libinit$$0000001F          0x080001b0   Section        0  libinit2.o(.ARM.Collect$$libinit$$0000001F)
    .ARM.Collect$$libinit$$00000021          0x080001b0   Section        0  libinit2.o(.ARM.Collect$$libinit$$00000021)
    .ARM.Collect$$libinit$$00000023          0x080001b0   Section        0  libinit2.o(.ARM.Collect$$libinit$$00000023)
    .ARM.Collect$$libinit$$00000025          0x080001b0   Section        0  libinit2.o(.ARM.Collect$$libinit$$00000025)
    .ARM.Collect$$libinit$$0000002C          0x080001b0   Section        0  libinit2.o(.ARM.Collect$$libinit$$0000002C)
    .ARM.Collect$$libinit$$0000002E          0x080001b0   Section        0  libinit2.o(.ARM.Collect$$libinit$$0000002E)
    .ARM.Collect$$libinit$$00000030          0x080001b0   Section        0  libinit2.o(.ARM.Collect$$libinit$$00000030)
    .ARM.Collect$$libinit$$00000032          0x080001b0   Section        0  libinit2.o(.ARM.Collect$$libinit$$00000032)
    .ARM.Collect$$libinit$$00000033          0x080001b0   Section        2  libinit2.o(.ARM.Collect$$libinit$$00000033)
    .ARM.Collect$$libshutdown$$00000000      0x080001b2   Section        2  libshutdown.o(.ARM.Collect$$libshutdown$$00000000)
    .ARM.Collect$$libshutdown$$00000002      0x080001b4   Section        0  libshutdown2.o(.ARM.Collect$$libshutdown$$00000002)
    .ARM.Collect$$libshutdown$$00000004      0x080001b4   Section        0  libshutdown2.o(.ARM.Collect$$libshutdown$$00000004)
    .ARM.Collect$$libshutdown$$00000006      0x080001b4   Section        0  libshutdown2.o(.ARM.Collect$$libshutdown$$00000006)
    .ARM.Collect$$libshutdown$$00000009      0x080001b4   Section        0  libshutdown2.o(.ARM.Collect$$libshutdown$$00000009)
    .ARM.Collect$$libshutdown$$0000000C      0x080001b4   Section        0  libshutdown2.o(.ARM.Collect$$libshutdown$$0000000C)
    .ARM.Collect$$libshutdown$$0000000E      0x080001b4   Section        0  libshutdown2.o(.ARM.Collect$$libshutdown$$0000000E)
    .ARM.Collect$$libshutdown$$00000011      0x080001b4   Section        0  libshutdown2.o(.ARM.Collect$$libshutdown$$00000011)
    .ARM.Collect$$libshutdown$$00000012      0x080001b4   Section        2  libshutdown2.o(.ARM.Collect$$libshutdown$$00000012)
    .ARM.Collect$$rtentry$$00000000          0x080001b6   Section        0  __rtentry.o(.ARM.Collect$$rtentry$$00000000)
    .ARM.Collect$$rtentry$$00000002          0x080001b6   Section        0  __rtentry2.o(.ARM.Collect$$rtentry$$00000002)
    .ARM.Collect$$rtentry$$00000004          0x080001b6   Section        6  __rtentry4.o(.ARM.Collect$$rtentry$$00000004)
    .ARM.Collect$$rtentry$$00000009          0x080001bc   Section        0  __rtentry2.o(.ARM.Collect$$rtentry$$00000009)
    .ARM.Collect$$rtentry$$0000000A          0x080001bc   Section        4  __rtentry2.o(.ARM.Collect$$rtentry$$0000000A)
    .ARM.Collect$$rtentry$$0000000C          0x080001c0   Section        0  __rtentry2.o(.ARM.Collect$$rtentry$$0000000C)
    .ARM.Collect$$rtentry$$0000000D          0x080001c0   Section        8  __rtentry2.o(.ARM.Collect$$rtentry$$0000000D)
    .ARM.Collect$$rtexit$$00000000           0x080001c8   Section        2  rtexit.o(.ARM.Collect$$rtexit$$00000000)
    .ARM.Collect$$rtexit$$00000002           0x080001ca   Section        0  rtexit2.o(.ARM.Collect$$rtexit$$00000002)
    .ARM.Collect$$rtexit$$00000003           0x080001ca   Section        4  rtexit2.o(.ARM.Collect$$rtexit$$00000003)
    .ARM.Collect$$rtexit$$00000004           0x080001ce   Section        6  rtexit2.o(.ARM.Collect$$rtexit$$00000004)
    .text                                    0x080001d4   Section       64  startup_stm32f10x_hd.o(.text)
    .text                                    0x08000214   Section        0  noretval__2sprintf.o(.text)
    .text                                    0x0800023c   Section        0  __printf.o(.text)
    .text                                    0x080002a4   Section        0  _printf_dec.o(.text)
    .text                                    0x0800031c   Section        0  heapauxi.o(.text)
    .text                                    0x08000322   Section        0  _printf_intcommon.o(.text)
    .text                                    0x080003d4   Section        0  _printf_char_common.o(.text)
    _printf_input_char                       0x080003d5   Thumb Code    10  _printf_char_common.o(.text)
    .text                                    0x08000404   Section        0  _sputc.o(.text)
    .text                                    0x0800040e   Section       74  sys_stackheap_outer.o(.text)
    .text                                    0x08000458   Section        0  exit.o(.text)
    .text                                    0x0800046c   Section        8  libspace.o(.text)
    .text                                    0x08000474   Section        0  sys_exit.o(.text)
    .text                                    0x08000480   Section        2  use_no_semi.o(.text)
    .text                                    0x08000482   Section        0  indicate_semi.o(.text)
    i.ADC_ClearFlag                          0x08000482   Section        0  stm32f10x_adc.o(i.ADC_ClearFlag)
    i.ADC_Cmd                                0x08000488   Section        0  stm32f10x_adc.o(i.ADC_Cmd)
    i.ADC_DeInit                             0x080004a0   Section        0  stm32f10x_adc.o(i.ADC_DeInit)
    i.ADC_GetCalibrationStatus               0x080004fc   Section        0  stm32f10x_adc.o(i.ADC_GetCalibrationStatus)
    i.ADC_GetConversionValue                 0x08000510   Section        0  stm32f10x_adc.o(i.ADC_GetConversionValue)
    i.ADC_GetFlagStatus                      0x08000518   Section        0  stm32f10x_adc.o(i.ADC_GetFlagStatus)
    i.ADC_GetResetCalibrationStatus          0x0800052a   Section        0  stm32f10x_adc.o(i.ADC_GetResetCalibrationStatus)
    i.ADC_Init                               0x08000540   Section        0  stm32f10x_adc.o(i.ADC_Init)
    i.ADC_RegularChannelConfig               0x08000590   Section        0  stm32f10x_adc.o(i.ADC_RegularChannelConfig)
    i.ADC_ResetCalibration                   0x08000648   Section        0  stm32f10x_adc.o(i.ADC_ResetCalibration)
    i.ADC_SoftwareStartConvCmd               0x08000652   Section        0  stm32f10x_adc.o(i.ADC_SoftwareStartConvCmd)
    i.ADC_StartCalibration                   0x08000668   Section        0  stm32f10x_adc.o(i.ADC_StartCalibration)
    i.BusFault_Handler                       0x08000672   Section        0  stm32f10x_it.o(i.BusFault_Handler)
    i.Buzzer_Init                            0x08000678   Section        0  buzzer.o(i.Buzzer_Init)
    i.Buzzer_OFF                             0x080006a8   Section        0  buzzer.o(i.Buzzer_OFF)
    i.Buzzer_ON                              0x080006bc   Section        0  buzzer.o(i.Buzzer_ON)
    i.DHT11_Check                            0x080006d0   Section        0  bsp_dht11.o(i.DHT11_Check)
    i.DHT11_Delay_ms                         0x0800072c   Section        0  bsp_dht11.o(i.DHT11_Delay_ms)
    DHT11_Delay_ms                           0x0800072d   Thumb Code    24  bsp_dht11.o(i.DHT11_Delay_ms)
    i.DHT11_Delay_us                         0x08000744   Section        0  bsp_dht11.o(i.DHT11_Delay_us)
    DHT11_Delay_us                           0x08000745   Thumb Code    24  bsp_dht11.o(i.DHT11_Delay_us)
    i.DHT11_Init                             0x0800075c   Section        0  bsp_dht11.o(i.DHT11_Init)
    i.DHT11_Mode                             0x0800079c   Section        0  bsp_dht11.o(i.DHT11_Mode)
    i.DHT11_Read_Bit                         0x080007d4   Section        0  bsp_dht11.o(i.DHT11_Read_Bit)
    i.DHT11_Read_Byte                        0x08000830   Section        0  bsp_dht11.o(i.DHT11_Read_Byte)
    i.DHT11_Read_Data                        0x0800084e   Section        0  bsp_dht11.o(i.DHT11_Read_Data)
    i.DHT11_Rst                              0x080008b0   Section        0  bsp_dht11.o(i.DHT11_Rst)
    i.DebugMon_Handler                       0x080008e0   Section        0  stm32f10x_it.o(i.DebugMon_Handler)
    i.Delay_ms                               0x080008e2   Section        0  delay.o(i.Delay_ms)
    i.Delay_us                               0x080008fa   Section        0  delay.o(i.Delay_us)
    i.GPIO_Init                              0x08000928   Section        0  stm32f10x_gpio.o(i.GPIO_Init)
    i.GPIO_PinRemapConfig                    0x08000a40   Section        0  stm32f10x_gpio.o(i.GPIO_PinRemapConfig)
    i.GPIO_ReadInputDataBit                  0x08000ad0   Section        0  stm32f10x_gpio.o(i.GPIO_ReadInputDataBit)
    i.GPIO_ResetBits                         0x08000ae2   Section        0  stm32f10x_gpio.o(i.GPIO_ResetBits)
    i.GPIO_SetBits                           0x08000ae6   Section        0  stm32f10x_gpio.o(i.GPIO_SetBits)
    i.GPIO_WriteBit                          0x08000aea   Section        0  stm32f10x_gpio.o(i.GPIO_WriteBit)
    i.Get_Sound_Intensity                    0x08000af4   Section        0  noise.o(i.Get_Sound_Intensity)
    i.HardFault_Handler                      0x08000b7c   Section        0  stm32f10x_it.o(i.HardFault_Handler)
    i.MemManage_Handler                      0x08000b80   Section        0  stm32f10x_it.o(i.MemManage_Handler)
    i.NMI_Handler                            0x08000b84   Section        0  stm32f10x_it.o(i.NMI_Handler)
    i.NOISE_Init                             0x08000b88   Section        0  noise.o(i.NOISE_Init)
    i.OLED_Clear                             0x08000c14   Section        0  oled.o(i.OLED_Clear)
    i.OLED_I2C_Init                          0x08000c40   Section        0  oled.o(i.OLED_I2C_Init)
    i.OLED_I2C_SendByte                      0x08000c90   Section        0  oled.o(i.OLED_I2C_SendByte)
    i.OLED_I2C_Start                         0x08000cec   Section        0  oled.o(i.OLED_I2C_Start)
    i.OLED_I2C_Stop                          0x08000d20   Section        0  oled.o(i.OLED_I2C_Stop)
    i.OLED_Init                              0x08000d48   Section        0  oled.o(i.OLED_Init)
    i.OLED_SetCursor                         0x08000df6   Section        0  oled.o(i.OLED_SetCursor)
    i.OLED_ShowChar_6x8                      0x08000e18   Section        0  oled.o(i.OLED_ShowChar_6x8)
    i.OLED_ShowString_6x8                    0x08000e5c   Section        0  oled.o(i.OLED_ShowString_6x8)
    i.OLED_WriteCommand                      0x08000e84   Section        0  oled.o(i.OLED_WriteCommand)
    i.OLED_WriteData                         0x08000ea4   Section        0  oled.o(i.OLED_WriteData)
    i.OpenMV_Get_Signal                      0x08000ec4   Section        0  openmv.o(i.OpenMV_Get_Signal)
    i.OpenMV_Init                            0x08000edc   Section        0  openmv.o(i.OpenMV_Init)
    i.PendSV_Handler                         0x08000f00   Section        0  stm32f10x_it.o(i.PendSV_Handler)
    i.RCC_ADCCLKConfig                       0x08000f04   Section        0  stm32f10x_rcc.o(i.RCC_ADCCLKConfig)
    i.RCC_APB2PeriphClockCmd                 0x08000f1c   Section        0  stm32f10x_rcc.o(i.RCC_APB2PeriphClockCmd)
    i.RCC_APB2PeriphResetCmd                 0x08000f3c   Section        0  stm32f10x_rcc.o(i.RCC_APB2PeriphResetCmd)
    i.SDA_IN                                 0x08000f5c   Section        0  sgp30.o(i.SDA_IN)
    i.SDA_OUT                                0x08000f80   Section        0  sgp30.o(i.SDA_OUT)
    i.SGP30_GPIO_Init                        0x08000fa4   Section        0  sgp30.o(i.SGP30_GPIO_Init)
    i.SGP30_IIC_Ack                          0x08000fdc   Section        0  sgp30.o(i.SGP30_IIC_Ack)
    i.SGP30_IIC_NAck                         0x08001014   Section        0  sgp30.o(i.SGP30_IIC_NAck)
    i.SGP30_IIC_Read_Byte                    0x0800104c   Section        0  sgp30.o(i.SGP30_IIC_Read_Byte)
    i.SGP30_IIC_Send_Byte                    0x080010a8   Section        0  sgp30.o(i.SGP30_IIC_Send_Byte)
    i.SGP30_IIC_Start                        0x0800110c   Section        0  sgp30.o(i.SGP30_IIC_Start)
    i.SGP30_IIC_Stop                         0x08001144   Section        0  sgp30.o(i.SGP30_IIC_Stop)
    i.SGP30_IIC_Wait_Ack                     0x08001178   Section        0  sgp30.o(i.SGP30_IIC_Wait_Ack)
    i.SGP30_Init                             0x080011c8   Section        0  sgp30.o(i.SGP30_Init)
    i.SGP30_Read                             0x080011d8   Section        0  sgp30.o(i.SGP30_Read)
    i.SGP30_Write                            0x08001220   Section        0  sgp30.o(i.SGP30_Write)
    i.SVC_Handler                            0x08001254   Section        0  stm32f10x_it.o(i.SVC_Handler)
    i.SetSysClock                            0x08001256   Section        0  system_stm32f10x.o(i.SetSysClock)
    SetSysClock                              0x08001257   Thumb Code     8  system_stm32f10x.o(i.SetSysClock)
    i.SetSysClockTo72                        0x08001260   Section        0  system_stm32f10x.o(i.SetSysClockTo72)
    SetSysClockTo72                          0x08001261   Thumb Code   214  system_stm32f10x.o(i.SetSysClockTo72)
    i.Sgp30_Get_Value                        0x08001340   Section        0  sgp30.o(i.Sgp30_Get_Value)
    i.SysTick_Handler                        0x0800135e   Section        0  stm32f10x_it.o(i.SysTick_Handler)
    i.SystemInit                             0x08001360   Section        0  system_stm32f10x.o(i.SystemInit)
    i.UsageFault_Handler                     0x080013c0   Section        0  stm32f10x_it.o(i.UsageFault_Handler)
    i.main                                   0x080013c4   Section        0  main.o(i.main)
    x$fpl$fcmpinf                            0x080015ac   Section       24  fcmpi.o(x$fpl$fcmpinf)
    x$fpl$ffltu                              0x080015c4   Section       38  fflt_clz.o(x$fpl$ffltu)
    x$fpl$fleqf                              0x080015ec   Section      104  fleqf.o(x$fpl$fleqf)
    x$fpl$fnaninf                            0x08001654   Section      140  fnaninf.o(x$fpl$fnaninf)
    x$fpl$frleqf                             0x080016e0   Section       98  frleqf.o(x$fpl$frleqf)
    .constdata                               0x08001742   Section     2090  oled.o(.constdata)
    x$fpl$usenofp                            0x08001742   Section        0  usenofp.o(x$fpl$usenofp)
    .data                                    0x20000000   Section       13  main.o(.data)
    .bss                                     0x20000010   Section       30  main.o(.bss)
    .bss                                     0x20000030   Section       96  libspace.o(.bss)
    HEAP                                     0x20000090   Section      512  startup_stm32f10x_hd.o(HEAP)
    Heap_Mem                                 0x20000090   Data         512  startup_stm32f10x_hd.o(HEAP)
    STACK                                    0x20000290   Section     1024  startup_stm32f10x_hd.o(STACK)
    Stack_Mem                                0x20000290   Data        1024  startup_stm32f10x_hd.o(STACK)
    __initial_sp                             0x20000690   Data           0  startup_stm32f10x_hd.o(STACK)

    Global Symbols

    Symbol Name                              Value     Ov Type        Size  Object(Section)

    BuildAttributes$$THM_ISAv4$P$D$K$B$S$PE$A:L22UL41UL21$X:L11$S22US41US21$IEEE1$IW$USESV6$~STKCKD$USESV7$~SHL$OSPACE$ROPI$EBA8$UX$STANDARDLIB$REQ8$PRES8$EABIv2 0x00000000   Number         0  anon$$obj.o ABSOLUTE
    __ARM_use_no_argv                        0x00000000   Number         0  main.o ABSOLUTE
    __ARM_exceptions_init                     - Undefined Weak Reference
    __alloca_initialize                       - Undefined Weak Reference
    __arm_fini_                               - Undefined Weak Reference
    __arm_preinit_                            - Undefined Weak Reference
    __cpp_initialize__aeabi_                  - Undefined Weak Reference
    __cxa_finalize                            - Undefined Weak Reference
    __rt_locale                               - Undefined Weak Reference
    __sigvec_lookup                           - Undefined Weak Reference
    _atexit_init                              - Undefined Weak Reference
    _call_atexit_fns                          - Undefined Weak Reference
    _clock_init                               - Undefined Weak Reference
    _fp_trap_init                             - Undefined Weak Reference
    _fp_trap_shutdown                         - Undefined Weak Reference
    _get_lc_collate                           - Undefined Weak Reference
    _get_lc_ctype                             - Undefined Weak Reference
    _get_lc_monetary                          - Undefined Weak Reference
    _get_lc_numeric                           - Undefined Weak Reference
    _get_lc_time                              - Undefined Weak Reference
    _getenv_init                              - Undefined Weak Reference
    _handle_redirection                       - Undefined Weak Reference
    _init_alloc                               - Undefined Weak Reference
    _init_user_alloc                          - Undefined Weak Reference
    _initio                                   - Undefined Weak Reference
    _printf_post_padding                      - Undefined Weak Reference
    _printf_pre_padding                       - Undefined Weak Reference
    _printf_truncate_signed                   - Undefined Weak Reference
    _printf_truncate_unsigned                 - Undefined Weak Reference
    _rand_init                                - Undefined Weak Reference
    _signal_finish                            - Undefined Weak Reference
    _signal_init                              - Undefined Weak Reference
    _terminate_alloc                          - Undefined Weak Reference
    _terminate_user_alloc                     - Undefined Weak Reference
    _terminateio                              - Undefined Weak Reference
    __Vectors_Size                           0x00000130   Number         0  startup_stm32f10x_hd.o ABSOLUTE
    __Vectors                                0x08000000   Data           4  startup_stm32f10x_hd.o(RESET)
    __Vectors_End                            0x08000130   Data           0  startup_stm32f10x_hd.o(RESET)
    __main                                   0x08000131   Thumb Code     8  __main.o(!!!main)
    __scatterload                            0x08000139   Thumb Code     0  __scatter.o(!!!scatter)
    __scatterload_rt2                        0x08000139   Thumb Code    44  __scatter.o(!!!scatter)
    __scatterload_rt2_thumb_only             0x08000139   Thumb Code     0  __scatter.o(!!!scatter)
    __scatterload_null                       0x08000147   Thumb Code     0  __scatter.o(!!!scatter)
    __scatterload_copy                       0x0800016d   Thumb Code    26  __scatter_copy.o(!!handler_copy)
    __scatterload_zeroinit                   0x08000189   Thumb Code    28  __scatter_zi.o(!!handler_zi)
    _printf_d                                0x080001a5   Thumb Code     0  _printf_d.o(.ARM.Collect$$_printf_percent$$00000009)
    _printf_percent                          0x080001a5   Thumb Code     0  _printf_percent.o(.ARM.Collect$$_printf_percent$$00000000)
    _printf_percent_end                      0x080001ab   Thumb Code     0  _printf_percent_end.o(.ARM.Collect$$_printf_percent$$00000017)
    __rt_lib_init                            0x080001af   Thumb Code     0  libinit.o(.ARM.Collect$$libinit$$00000000)
    __rt_lib_init_alloca_1                   0x080001b1   Thumb Code     0  libinit2.o(.ARM.Collect$$libinit$$0000002E)
    __rt_lib_init_argv_1                     0x080001b1   Thumb Code     0  libinit2.o(.ARM.Collect$$libinit$$0000002C)
    __rt_lib_init_atexit_1                   0x080001b1   Thumb Code     0  libinit2.o(.ARM.Collect$$libinit$$0000001B)
    __rt_lib_init_clock_1                    0x080001b1   Thumb Code     0  libinit2.o(.ARM.Collect$$libinit$$00000021)
    __rt_lib_init_cpp_1                      0x080001b1   Thumb Code     0  libinit2.o(.ARM.Collect$$libinit$$00000032)
    __rt_lib_init_exceptions_1               0x080001b1   Thumb Code     0  libinit2.o(.ARM.Collect$$libinit$$00000030)
    __rt_lib_init_fp_1                       0x080001b1   Thumb Code     0  libinit2.o(.ARM.Collect$$libinit$$00000002)
    __rt_lib_init_fp_trap_1                  0x080001b1   Thumb Code     0  libinit2.o(.ARM.Collect$$libinit$$0000001F)
    __rt_lib_init_getenv_1                   0x080001b1   Thumb Code     0  libinit2.o(.ARM.Collect$$libinit$$00000023)
    __rt_lib_init_heap_1                     0x080001b1   Thumb Code     0  libinit2.o(.ARM.Collect$$libinit$$0000000A)
    __rt_lib_init_lc_collate_1               0x080001b1   Thumb Code     0  libinit2.o(.ARM.Collect$$libinit$$00000011)
    __rt_lib_init_lc_ctype_1                 0x080001b1   Thumb Code     0  libinit2.o(.ARM.Collect$$libinit$$00000013)
    __rt_lib_init_lc_monetary_1              0x080001b1   Thumb Code     0  libinit2.o(.ARM.Collect$$libinit$$00000015)
    __rt_lib_init_lc_numeric_1               0x080001b1   Thumb Code     0  libinit2.o(.ARM.Collect$$libinit$$00000017)
    __rt_lib_init_lc_time_1                  0x080001b1   Thumb Code     0  libinit2.o(.ARM.Collect$$libinit$$00000019)
    __rt_lib_init_preinit_1                  0x080001b1   Thumb Code     0  libinit2.o(.ARM.Collect$$libinit$$00000004)
    __rt_lib_init_rand_1                     0x080001b1   Thumb Code     0  libinit2.o(.ARM.Collect$$libinit$$0000000E)
    __rt_lib_init_return                     0x080001b1   Thumb Code     0  libinit2.o(.ARM.Collect$$libinit$$00000033)
    __rt_lib_init_signal_1                   0x080001b1   Thumb Code     0  libinit2.o(.ARM.Collect$$libinit$$0000001D)
    __rt_lib_init_stdio_1                    0x080001b1   Thumb Code     0  libinit2.o(.ARM.Collect$$libinit$$00000025)
    __rt_lib_init_user_alloc_1               0x080001b1   Thumb Code     0  libinit2.o(.ARM.Collect$$libinit$$0000000C)
    __rt_lib_shutdown                        0x080001b3   Thumb Code     0  libshutdown.o(.ARM.Collect$$libshutdown$$00000000)
    __rt_lib_shutdown_cpp_1                  0x080001b5   Thumb Code     0  libshutdown2.o(.ARM.Collect$$libshutdown$$00000004)
    __rt_lib_shutdown_fini_1                 0x080001b5   Thumb Code     0  libshutdown2.o(.ARM.Collect$$libshutdown$$00000002)
    __rt_lib_shutdown_fp_trap_1              0x080001b5   Thumb Code     0  libshutdown2.o(.ARM.Collect$$libshutdown$$00000009)
    __rt_lib_shutdown_heap_1                 0x080001b5   Thumb Code     0  libshutdown2.o(.ARM.Collect$$libshutdown$$00000011)
    __rt_lib_shutdown_return                 0x080001b5   Thumb Code     0  libshutdown2.o(.ARM.Collect$$libshutdown$$00000012)
    __rt_lib_shutdown_signal_1               0x080001b5   Thumb Code     0  libshutdown2.o(.ARM.Collect$$libshutdown$$0000000C)
    __rt_lib_shutdown_stdio_1                0x080001b5   Thumb Code     0  libshutdown2.o(.ARM.Collect$$libshutdown$$00000006)
    __rt_lib_shutdown_user_alloc_1           0x080001b5   Thumb Code     0  libshutdown2.o(.ARM.Collect$$libshutdown$$0000000E)
    __rt_entry                               0x080001b7   Thumb Code     0  __rtentry.o(.ARM.Collect$$rtentry$$00000000)
    __rt_entry_presh_1                       0x080001b7   Thumb Code     0  __rtentry2.o(.ARM.Collect$$rtentry$$00000002)
    __rt_entry_sh                            0x080001b7   Thumb Code     0  __rtentry4.o(.ARM.Collect$$rtentry$$00000004)
    __rt_entry_li                            0x080001bd   Thumb Code     0  __rtentry2.o(.ARM.Collect$$rtentry$$0000000A)
    __rt_entry_postsh_1                      0x080001bd   Thumb Code     0  __rtentry2.o(.ARM.Collect$$rtentry$$00000009)
    __rt_entry_main                          0x080001c1   Thumb Code     0  __rtentry2.o(.ARM.Collect$$rtentry$$0000000D)
    __rt_entry_postli_1                      0x080001c1   Thumb Code     0  __rtentry2.o(.ARM.Collect$$rtentry$$0000000C)
    __rt_exit                                0x080001c9   Thumb Code     0  rtexit.o(.ARM.Collect$$rtexit$$00000000)
    __rt_exit_ls                             0x080001cb   Thumb Code     0  rtexit2.o(.ARM.Collect$$rtexit$$00000003)
    __rt_exit_prels_1                        0x080001cb   Thumb Code     0  rtexit2.o(.ARM.Collect$$rtexit$$00000002)
    __rt_exit_exit                           0x080001cf   Thumb Code     0  rtexit2.o(.ARM.Collect$$rtexit$$00000004)
    Reset_Handler                            0x080001d5   Thumb Code     8  startup_stm32f10x_hd.o(.text)
    ADC1_2_IRQHandler                        0x080001ef   Thumb Code     0  startup_stm32f10x_hd.o(.text)
    ADC3_IRQHandler                          0x080001ef   Thumb Code     0  startup_stm32f10x_hd.o(.text)
    CAN1_RX1_IRQHandler                      0x080001ef   Thumb Code     0  startup_stm32f10x_hd.o(.text)
    CAN1_SCE_IRQHandler                      0x080001ef   Thumb Code     0  startup_stm32f10x_hd.o(.text)
    DMA1_Channel1_IRQHandler                 0x080001ef   Thumb Code     0  startup_stm32f10x_hd.o(.text)
    DMA1_Channel2_IRQHandler                 0x080001ef   Thumb Code     0  startup_stm32f10x_hd.o(.text)
    DMA1_Channel3_IRQHandler                 0x080001ef   Thumb Code     0  startup_stm32f10x_hd.o(.text)
    DMA1_Channel4_IRQHandler                 0x080001ef   Thumb Code     0  startup_stm32f10x_hd.o(.text)
    DMA1_Channel5_IRQHandler                 0x080001ef   Thumb Code     0  startup_stm32f10x_hd.o(.text)
    DMA1_Channel6_IRQHandler                 0x080001ef   Thumb Code     0  startup_stm32f10x_hd.o(.text)
    DMA1_Channel7_IRQHandler                 0x080001ef   Thumb Code     0  startup_stm32f10x_hd.o(.text)
    DMA2_Channel1_IRQHandler                 0x080001ef   Thumb Code     0  startup_stm32f10x_hd.o(.text)
    DMA2_Channel2_IRQHandler                 0x080001ef   Thumb Code     0  startup_stm32f10x_hd.o(.text)
    DMA2_Channel3_IRQHandler                 0x080001ef   Thumb Code     0  startup_stm32f10x_hd.o(.text)
    DMA2_Channel4_5_IRQHandler               0x080001ef   Thumb Code     0  startup_stm32f10x_hd.o(.text)
    EXTI0_IRQHandler                         0x080001ef   Thumb Code     0  startup_stm32f10x_hd.o(.text)
    EXTI15_10_IRQHandler                     0x080001ef   Thumb Code     0  startup_stm32f10x_hd.o(.text)
    EXTI1_IRQHandler                         0x080001ef   Thumb Code     0  startup_stm32f10x_hd.o(.text)
    EXTI2_IRQHandler                         0x080001ef   Thumb Code     0  startup_stm32f10x_hd.o(.text)
    EXTI3_IRQHandler                         0x080001ef   Thumb Code     0  startup_stm32f10x_hd.o(.text)
    EXTI4_IRQHandler                         0x080001ef   Thumb Code     0  startup_stm32f10x_hd.o(.text)
    EXTI9_5_IRQHandler                       0x080001ef   Thumb Code     0  startup_stm32f10x_hd.o(.text)
    FLASH_IRQHandler                         0x080001ef   Thumb Code     0  startup_stm32f10x_hd.o(.text)
    FSMC_IRQHandler                          0x080001ef   Thumb Code     0  startup_stm32f10x_hd.o(.text)
    I2C1_ER_IRQHandler                       0x080001ef   Thumb Code     0  startup_stm32f10x_hd.o(.text)
    I2C1_EV_IRQHandler                       0x080001ef   Thumb Code     0  startup_stm32f10x_hd.o(.text)
    I2C2_ER_IRQHandler                       0x080001ef   Thumb Code     0  startup_stm32f10x_hd.o(.text)
    I2C2_EV_IRQHandler                       0x080001ef   Thumb Code     0  startup_stm32f10x_hd.o(.text)
    PVD_IRQHandler                           0x080001ef   Thumb Code     0  startup_stm32f10x_hd.o(.text)
    RCC_IRQHandler                           0x080001ef   Thumb Code     0  startup_stm32f10x_hd.o(.text)
    RTCAlarm_IRQHandler                      0x080001ef   Thumb Code     0  startup_stm32f10x_hd.o(.text)
    RTC_IRQHandler                           0x080001ef   Thumb Code     0  startup_stm32f10x_hd.o(.text)
    SDIO_IRQHandler                          0x080001ef   Thumb Code     0  startup_stm32f10x_hd.o(.text)
    SPI1_IRQHandler                          0x080001ef   Thumb Code     0  startup_stm32f10x_hd.o(.text)
    SPI2_IRQHandler                          0x080001ef   Thumb Code     0  startup_stm32f10x_hd.o(.text)
    SPI3_IRQHandler                          0x080001ef   Thumb Code     0  startup_stm32f10x_hd.o(.text)
    TAMPER_IRQHandler                        0x080001ef   Thumb Code     0  startup_stm32f10x_hd.o(.text)
    TIM1_BRK_IRQHandler                      0x080001ef   Thumb Code     0  startup_stm32f10x_hd.o(.text)
    TIM1_CC_IRQHandler                       0x080001ef   Thumb Code     0  startup_stm32f10x_hd.o(.text)
    TIM1_TRG_COM_IRQHandler                  0x080001ef   Thumb Code     0  startup_stm32f10x_hd.o(.text)
    TIM1_UP_IRQHandler                       0x080001ef   Thumb Code     0  startup_stm32f10x_hd.o(.text)
    TIM2_IRQHandler                          0x080001ef   Thumb Code     0  startup_stm32f10x_hd.o(.text)
    TIM3_IRQHandler                          0x080001ef   Thumb Code     0  startup_stm32f10x_hd.o(.text)
    TIM4_IRQHandler                          0x080001ef   Thumb Code     0  startup_stm32f10x_hd.o(.text)
    TIM5_IRQHandler                          0x080001ef   Thumb Code     0  startup_stm32f10x_hd.o(.text)
    TIM6_IRQHandler                          0x080001ef   Thumb Code     0  startup_stm32f10x_hd.o(.text)
    TIM7_IRQHandler                          0x080001ef   Thumb Code     0  startup_stm32f10x_hd.o(.text)
    TIM8_BRK_IRQHandler                      0x080001ef   Thumb Code     0  startup_stm32f10x_hd.o(.text)
    TIM8_CC_IRQHandler                       0x080001ef   Thumb Code     0  startup_stm32f10x_hd.o(.text)
    TIM8_TRG_COM_IRQHandler                  0x080001ef   Thumb Code     0  startup_stm32f10x_hd.o(.text)
    TIM8_UP_IRQHandler                       0x080001ef   Thumb Code     0  startup_stm32f10x_hd.o(.text)
    UART4_IRQHandler                         0x080001ef   Thumb Code     0  startup_stm32f10x_hd.o(.text)
    UART5_IRQHandler                         0x080001ef   Thumb Code     0  startup_stm32f10x_hd.o(.text)
    USART1_IRQHandler                        0x080001ef   Thumb Code     0  startup_stm32f10x_hd.o(.text)
    USART2_IRQHandler                        0x080001ef   Thumb Code     0  startup_stm32f10x_hd.o(.text)
    USART3_IRQHandler                        0x080001ef   Thumb Code     0  startup_stm32f10x_hd.o(.text)
    USBWakeUp_IRQHandler                     0x080001ef   Thumb Code     0  startup_stm32f10x_hd.o(.text)
    USB_HP_CAN1_TX_IRQHandler                0x080001ef   Thumb Code     0  startup_stm32f10x_hd.o(.text)
    USB_LP_CAN1_RX0_IRQHandler               0x080001ef   Thumb Code     0  startup_stm32f10x_hd.o(.text)
    WWDG_IRQHandler                          0x080001ef   Thumb Code     0  startup_stm32f10x_hd.o(.text)
    __user_initial_stackheap                 0x080001f1   Thumb Code     0  startup_stm32f10x_hd.o(.text)
    __2sprintf                               0x08000215   Thumb Code    34  noretval__2sprintf.o(.text)
    __printf                                 0x0800023d   Thumb Code   104  __printf.o(.text)
    _printf_int_dec                          0x080002a5   Thumb Code   104  _printf_dec.o(.text)
    __use_two_region_memory                  0x0800031d   Thumb Code     2  heapauxi.o(.text)
    __rt_heap_escrow$2region                 0x0800031f   Thumb Code     2  heapauxi.o(.text)
    __rt_heap_expand$2region                 0x08000321   Thumb Code     2  heapauxi.o(.text)
    _printf_int_common                       0x08000323   Thumb Code   178  _printf_intcommon.o(.text)
    _printf_char_common                      0x080003df   Thumb Code    32  _printf_char_common.o(.text)
    _sputc                                   0x08000405   Thumb Code    10  _sputc.o(.text)
    __user_setup_stackheap                   0x0800040f   Thumb Code    74  sys_stackheap_outer.o(.text)
    exit                                     0x08000459   Thumb Code    18  exit.o(.text)
    __user_libspace                          0x0800046d   Thumb Code     8  libspace.o(.text)
    __user_perproc_libspace                  0x0800046d   Thumb Code     0  libspace.o(.text)
    __user_perthread_libspace                0x0800046d   Thumb Code     0  libspace.o(.text)
    _sys_exit                                0x08000475   Thumb Code     8  sys_exit.o(.text)
    __I$use$semihosting                      0x08000481   Thumb Code     0  use_no_semi.o(.text)
    __use_no_semihosting_swi                 0x08000481   Thumb Code     2  use_no_semi.o(.text)
    ADC_ClearFlag                            0x08000483   Thumb Code     6  stm32f10x_adc.o(i.ADC_ClearFlag)
    __semihosting_library_function           0x08000483   Thumb Code     0  indicate_semi.o(.text)
    ADC_Cmd                                  0x08000489   Thumb Code    22  stm32f10x_adc.o(i.ADC_Cmd)
    ADC_DeInit                               0x080004a1   Thumb Code    78  stm32f10x_adc.o(i.ADC_DeInit)
    ADC_GetCalibrationStatus                 0x080004fd   Thumb Code    20  stm32f10x_adc.o(i.ADC_GetCalibrationStatus)
    ADC_GetConversionValue                   0x08000511   Thumb Code     8  stm32f10x_adc.o(i.ADC_GetConversionValue)
    ADC_GetFlagStatus                        0x08000519   Thumb Code    18  stm32f10x_adc.o(i.ADC_GetFlagStatus)
    ADC_GetResetCalibrationStatus            0x0800052b   Thumb Code    20  stm32f10x_adc.o(i.ADC_GetResetCalibrationStatus)
    ADC_Init                                 0x08000541   Thumb Code    70  stm32f10x_adc.o(i.ADC_Init)
    ADC_RegularChannelConfig                 0x08000591   Thumb Code   184  stm32f10x_adc.o(i.ADC_RegularChannelConfig)
    ADC_ResetCalibration                     0x08000649   Thumb Code    10  stm32f10x_adc.o(i.ADC_ResetCalibration)
    ADC_SoftwareStartConvCmd                 0x08000653   Thumb Code    22  stm32f10x_adc.o(i.ADC_SoftwareStartConvCmd)
    ADC_StartCalibration                     0x08000669   Thumb Code    10  stm32f10x_adc.o(i.ADC_StartCalibration)
    BusFault_Handler                         0x08000673   Thumb Code     4  stm32f10x_it.o(i.BusFault_Handler)
    Buzzer_Init                              0x08000679   Thumb Code    44  buzzer.o(i.Buzzer_Init)
    Buzzer_OFF                               0x080006a9   Thumb Code    14  buzzer.o(i.Buzzer_OFF)
    Buzzer_ON                                0x080006bd   Thumb Code    14  buzzer.o(i.Buzzer_ON)
    DHT11_Check                              0x080006d1   Thumb Code    88  bsp_dht11.o(i.DHT11_Check)
    DHT11_Init                               0x0800075d   Thumb Code    58  bsp_dht11.o(i.DHT11_Init)
    DHT11_Mode                               0x0800079d   Thumb Code    52  bsp_dht11.o(i.DHT11_Mode)
    DHT11_Read_Bit                           0x080007d5   Thumb Code    88  bsp_dht11.o(i.DHT11_Read_Bit)
    DHT11_Read_Byte                          0x08000831   Thumb Code    30  bsp_dht11.o(i.DHT11_Read_Byte)
    DHT11_Read_Data                          0x0800084f   Thumb Code    96  bsp_dht11.o(i.DHT11_Read_Data)
    DHT11_Rst                                0x080008b1   Thumb Code    42  bsp_dht11.o(i.DHT11_Rst)
    DebugMon_Handler                         0x080008e1   Thumb Code     2  stm32f10x_it.o(i.DebugMon_Handler)
    Delay_ms                                 0x080008e3   Thumb Code    24  delay.o(i.Delay_ms)
    Delay_us                                 0x080008fb   Thumb Code    46  delay.o(i.Delay_us)
    GPIO_Init                                0x08000929   Thumb Code   278  stm32f10x_gpio.o(i.GPIO_Init)
    GPIO_PinRemapConfig                      0x08000a41   Thumb Code   138  stm32f10x_gpio.o(i.GPIO_PinRemapConfig)
    GPIO_ReadInputDataBit                    0x08000ad1   Thumb Code    18  stm32f10x_gpio.o(i.GPIO_ReadInputDataBit)
    GPIO_ResetBits                           0x08000ae3   Thumb Code     4  stm32f10x_gpio.o(i.GPIO_ResetBits)
    GPIO_SetBits                             0x08000ae7   Thumb Code     4  stm32f10x_gpio.o(i.GPIO_SetBits)
    GPIO_WriteBit                            0x08000aeb   Thumb Code    10  stm32f10x_gpio.o(i.GPIO_WriteBit)
    Get_Sound_Intensity                      0x08000af5   Thumb Code   130  noise.o(i.Get_Sound_Intensity)
    HardFault_Handler                        0x08000b7d   Thumb Code     4  stm32f10x_it.o(i.HardFault_Handler)
    MemManage_Handler                        0x08000b81   Thumb Code     4  stm32f10x_it.o(i.MemManage_Handler)
    NMI_Handler                              0x08000b85   Thumb Code     2  stm32f10x_it.o(i.NMI_Handler)
    NOISE_Init                               0x08000b89   Thumb Code   132  noise.o(i.NOISE_Init)
    OLED_Clear                               0x08000c15   Thumb Code    42  oled.o(i.OLED_Clear)
    OLED_I2C_Init                            0x08000c41   Thumb Code    76  oled.o(i.OLED_I2C_Init)
    OLED_I2C_SendByte                        0x08000c91   Thumb Code    88  oled.o(i.OLED_I2C_SendByte)
    OLED_I2C_Start                           0x08000ced   Thumb Code    48  oled.o(i.OLED_I2C_Start)
    OLED_I2C_Stop                            0x08000d21   Thumb Code    36  oled.o(i.OLED_I2C_Stop)
    OLED_Init                                0x08000d49   Thumb Code   174  oled.o(i.OLED_Init)
    OLED_SetCursor                           0x08000df7   Thumb Code    34  oled.o(i.OLED_SetCursor)
    OLED_ShowChar_6x8                        0x08000e19   Thumb Code    64  oled.o(i.OLED_ShowChar_6x8)
    OLED_ShowString_6x8                      0x08000e5d   Thumb Code    40  oled.o(i.OLED_ShowString_6x8)
    OLED_WriteCommand                        0x08000e85   Thumb Code    32  oled.o(i.OLED_WriteCommand)
    OLED_WriteData                           0x08000ea5   Thumb Code    32  oled.o(i.OLED_WriteData)
    OpenMV_Get_Signal                        0x08000ec5   Thumb Code    20  openmv.o(i.OpenMV_Get_Signal)
    OpenMV_Init                              0x08000edd   Thumb Code    32  openmv.o(i.OpenMV_Init)
    PendSV_Handler                           0x08000f01   Thumb Code     2  stm32f10x_it.o(i.PendSV_Handler)
    RCC_ADCCLKConfig                         0x08000f05   Thumb Code    18  stm32f10x_rcc.o(i.RCC_ADCCLKConfig)
    RCC_APB2PeriphClockCmd                   0x08000f1d   Thumb Code    26  stm32f10x_rcc.o(i.RCC_APB2PeriphClockCmd)
    RCC_APB2PeriphResetCmd                   0x08000f3d   Thumb Code    26  stm32f10x_rcc.o(i.RCC_APB2PeriphResetCmd)
    SDA_IN                                   0x08000f5d   Thumb Code    30  sgp30.o(i.SDA_IN)
    SDA_OUT                                  0x08000f81   Thumb Code    30  sgp30.o(i.SDA_OUT)
    SGP30_GPIO_Init                          0x08000fa5   Thumb Code    50  sgp30.o(i.SGP30_GPIO_Init)
    SGP30_IIC_Ack                            0x08000fdd   Thumb Code    48  sgp30.o(i.SGP30_IIC_Ack)
    SGP30_IIC_NAck                           0x08001015   Thumb Code    48  sgp30.o(i.SGP30_IIC_NAck)
    SGP30_IIC_Read_Byte                      0x0800104d   Thumb Code    84  sgp30.o(i.SGP30_IIC_Read_Byte)
    SGP30_IIC_Send_Byte                      0x080010a9   Thumb Code    92  sgp30.o(i.SGP30_IIC_Send_Byte)
    SGP30_IIC_Start                          0x0800110d   Thumb Code    46  sgp30.o(i.SGP30_IIC_Start)
    SGP30_IIC_Stop                           0x08001145   Thumb Code    44  sgp30.o(i.SGP30_IIC_Stop)
    SGP30_IIC_Wait_Ack                       0x08001179   Thumb Code    72  sgp30.o(i.SGP30_IIC_Wait_Ack)
    SGP30_Init                               0x080011c9   Thumb Code    16  sgp30.o(i.SGP30_Init)
    SGP30_Read                               0x080011d9   Thumb Code    72  sgp30.o(i.SGP30_Read)
    SGP30_Write                              0x08001221   Thumb Code    52  sgp30.o(i.SGP30_Write)
    SVC_Handler                              0x08001255   Thumb Code     2  stm32f10x_it.o(i.SVC_Handler)
    Sgp30_Get_Value                          0x08001341   Thumb Code    30  sgp30.o(i.Sgp30_Get_Value)
    SysTick_Handler                          0x0800135f   Thumb Code     2  stm32f10x_it.o(i.SysTick_Handler)
    SystemInit                               0x08001361   Thumb Code    78  system_stm32f10x.o(i.SystemInit)
    UsageFault_Handler                       0x080013c1   Thumb Code     4  stm32f10x_it.o(i.UsageFault_Handler)
    main                                     0x080013c5   Thumb Code   310  main.o(i.main)
    __fpl_fcmp_Inf                           0x080015ad   Thumb Code    24  fcmpi.o(x$fpl$fcmpinf)
    __aeabi_ui2f                             0x080015c5   Thumb Code     0  fflt_clz.o(x$fpl$ffltu)
    _ffltu                                   0x080015c5   Thumb Code    38  fflt_clz.o(x$fpl$ffltu)
    __aeabi_cfcmple                          0x080015ed   Thumb Code     0  fleqf.o(x$fpl$fleqf)
    _fcmple                                  0x080015ed   Thumb Code   104  fleqf.o(x$fpl$fleqf)
    __fpl_fcmple_InfNaN                      0x0800163f   Thumb Code     0  fleqf.o(x$fpl$fleqf)
    __fpl_fnaninf                            0x08001655   Thumb Code   140  fnaninf.o(x$fpl$fnaninf)
    __aeabi_cfrcmple                         0x080016e1   Thumb Code     0  frleqf.o(x$fpl$frleqf)
    _frcmple                                 0x080016e1   Thumb Code    98  frleqf.o(x$fpl$frleqf)
    OLED_F8x16                               0x08001742   Data        1520  oled.o(.constdata)
    __I$use$fp                               0x08001742   Number         0  usenofp.o(x$fpl$usenofp)
    OLED_F6x8                                0x08001d32   Data         570  oled.o(.constdata)
    Region$$Table$$Base                      0x08001f6c   Number         0  anon$$obj.o(Region$$Table)
    Region$$Table$$Limit                     0x08001f8c   Number         0  anon$$obj.o(Region$$Table)
    Temp1                                    0x20000000   Data           4  main.o(.data)
    Temp2                                    0x20000004   Data           4  main.o(.data)
    CO2_Value                                0x20000008   Data           2  main.o(.data)
    TVOC_Value                               0x2000000a   Data           2  main.o(.data)
    Sound_Intensity                          0x2000000c   Data           1  main.o(.data)
    Temp_chr                                 0x20000010   Data          30  main.o(.bss)
    __libspace_start                         0x20000030   Data          96  libspace.o(.bss)
    __temporary_stack_top$libspace           0x20000090   Data           0  libspace.o(.bss)



==============================================================================

Memory Map of the image

  Image Entry point : 0x08000131

  Load Region LR_IROM1 (Base: 0x08000000, Size: 0x00001f9c, Max: 0x00040000, ABSOLUTE)

    Execution Region ER_IROM1 (Exec base: 0x08000000, Load base: 0x08000000, Size: 0x00001f8c, Max: 0x00040000, ABSOLUTE)

    Exec Addr    Load Addr    Size         Type   Attr      Idx    E Section Name        Object

    0x08000000   0x08000000   0x00000130   Data   RO           19    RESET               startup_stm32f10x_hd.o
    0x08000130   0x08000130   0x00000008   Code   RO         3793  * !!!main             c_w.l(__main.o)
    0x08000138   0x08000138   0x00000034   Code   RO         3986    !!!scatter          c_w.l(__scatter.o)
    0x0800016c   0x0800016c   0x0000001a   Code   RO         3988    !!handler_copy      c_w.l(__scatter_copy.o)
    0x08000186   0x08000186   0x00000002   PAD
    0x08000188   0x08000188   0x0000001c   Code   RO         3990    !!handler_zi        c_w.l(__scatter_zi.o)
    0x080001a4   0x080001a4   0x00000000   Code   RO         3790    .ARM.Collect$$_printf_percent$$00000000  c_w.l(_printf_percent.o)
    0x080001a4   0x080001a4   0x00000006   Code   RO         3789    .ARM.Collect$$_printf_percent$$00000009  c_w.l(_printf_d.o)
    0x080001aa   0x080001aa   0x00000004   Code   RO         3818    .ARM.Collect$$_printf_percent$$00000017  c_w.l(_printf_percent_end.o)
    0x080001ae   0x080001ae   0x00000002   Code   RO         3854    .ARM.Collect$$libinit$$00000000  c_w.l(libinit.o)
    0x080001b0   0x080001b0   0x00000000   Code   RO         3861    .ARM.Collect$$libinit$$00000002  c_w.l(libinit2.o)
    0x080001b0   0x080001b0   0x00000000   Code   RO         3863    .ARM.Collect$$libinit$$00000004  c_w.l(libinit2.o)
    0x080001b0   0x080001b0   0x00000000   Code   RO         3866    .ARM.Collect$$libinit$$0000000A  c_w.l(libinit2.o)
    0x080001b0   0x080001b0   0x00000000   Code   RO         3868    .ARM.Collect$$libinit$$0000000C  c_w.l(libinit2.o)
    0x080001b0   0x080001b0   0x00000000   Code   RO         3870    .ARM.Collect$$libinit$$0000000E  c_w.l(libinit2.o)
    0x080001b0   0x080001b0   0x00000000   Code   RO         3873    .ARM.Collect$$libinit$$00000011  c_w.l(libinit2.o)
    0x080001b0   0x080001b0   0x00000000   Code   RO         3875    .ARM.Collect$$libinit$$00000013  c_w.l(libinit2.o)
    0x080001b0   0x080001b0   0x00000000   Code   RO         3877    .ARM.Collect$$libinit$$00000015  c_w.l(libinit2.o)
    0x080001b0   0x080001b0   0x00000000   Code   RO         3879    .ARM.Collect$$libinit$$00000017  c_w.l(libinit2.o)
    0x080001b0   0x080001b0   0x00000000   Code   RO         3881    .ARM.Collect$$libinit$$00000019  c_w.l(libinit2.o)
    0x080001b0   0x080001b0   0x00000000   Code   RO         3883    .ARM.Collect$$libinit$$0000001B  c_w.l(libinit2.o)
    0x080001b0   0x080001b0   0x00000000   Code   RO         3885    .ARM.Collect$$libinit$$0000001D  c_w.l(libinit2.o)
    0x080001b0   0x080001b0   0x00000000   Code   RO         3887    .ARM.Collect$$libinit$$0000001F  c_w.l(libinit2.o)
    0x080001b0   0x080001b0   0x00000000   Code   RO         3889    .ARM.Collect$$libinit$$00000021  c_w.l(libinit2.o)
    0x080001b0   0x080001b0   0x00000000   Code   RO         3891    .ARM.Collect$$libinit$$00000023  c_w.l(libinit2.o)
    0x080001b0   0x080001b0   0x00000000   Code   RO         3893    .ARM.Collect$$libinit$$00000025  c_w.l(libinit2.o)
    0x080001b0   0x080001b0   0x00000000   Code   RO         3897    .ARM.Collect$$libinit$$0000002C  c_w.l(libinit2.o)
    0x080001b0   0x080001b0   0x00000000   Code   RO         3899    .ARM.Collect$$libinit$$0000002E  c_w.l(libinit2.o)
    0x080001b0   0x080001b0   0x00000000   Code   RO         3901    .ARM.Collect$$libinit$$00000030  c_w.l(libinit2.o)
    0x080001b0   0x080001b0   0x00000000   Code   RO         3903    .ARM.Collect$$libinit$$00000032  c_w.l(libinit2.o)
    0x080001b0   0x080001b0   0x00000002   Code   RO         3904    .ARM.Collect$$libinit$$00000033  c_w.l(libinit2.o)
    0x080001b2   0x080001b2   0x00000002   Code   RO         3924    .ARM.Collect$$libshutdown$$00000000  c_w.l(libshutdown.o)
    0x080001b4   0x080001b4   0x00000000   Code   RO         3937    .ARM.Collect$$libshutdown$$00000002  c_w.l(libshutdown2.o)
    0x080001b4   0x080001b4   0x00000000   Code   RO         3939    .ARM.Collect$$libshutdown$$00000004  c_w.l(libshutdown2.o)
    0x080001b4   0x080001b4   0x00000000   Code   RO         3941    .ARM.Collect$$libshutdown$$00000006  c_w.l(libshutdown2.o)
    0x080001b4   0x080001b4   0x00000000   Code   RO         3944    .ARM.Collect$$libshutdown$$00000009  c_w.l(libshutdown2.o)
    0x080001b4   0x080001b4   0x00000000   Code   RO         3947    .ARM.Collect$$libshutdown$$0000000C  c_w.l(libshutdown2.o)
    0x080001b4   0x080001b4   0x00000000   Code   RO         3949    .ARM.Collect$$libshutdown$$0000000E  c_w.l(libshutdown2.o)
    0x080001b4   0x080001b4   0x00000000   Code   RO         3952    .ARM.Collect$$libshutdown$$00000011  c_w.l(libshutdown2.o)
    0x080001b4   0x080001b4   0x00000002   Code   RO         3953    .ARM.Collect$$libshutdown$$00000012  c_w.l(libshutdown2.o)
    0x080001b6   0x080001b6   0x00000000   Code   RO         3811    .ARM.Collect$$rtentry$$00000000  c_w.l(__rtentry.o)
    0x080001b6   0x080001b6   0x00000000   Code   RO         3827    .ARM.Collect$$rtentry$$00000002  c_w.l(__rtentry2.o)
    0x080001b6   0x080001b6   0x00000006   Code   RO         3839    .ARM.Collect$$rtentry$$00000004  c_w.l(__rtentry4.o)
    0x080001bc   0x080001bc   0x00000000   Code   RO         3829    .ARM.Collect$$rtentry$$00000009  c_w.l(__rtentry2.o)
    0x080001bc   0x080001bc   0x00000004   Code   RO         3830    .ARM.Collect$$rtentry$$0000000A  c_w.l(__rtentry2.o)
    0x080001c0   0x080001c0   0x00000000   Code   RO         3832    .ARM.Collect$$rtentry$$0000000C  c_w.l(__rtentry2.o)
    0x080001c0   0x080001c0   0x00000008   Code   RO         3833    .ARM.Collect$$rtentry$$0000000D  c_w.l(__rtentry2.o)
    0x080001c8   0x080001c8   0x00000002   Code   RO         3858    .ARM.Collect$$rtexit$$00000000  c_w.l(rtexit.o)
    0x080001ca   0x080001ca   0x00000000   Code   RO         3906    .ARM.Collect$$rtexit$$00000002  c_w.l(rtexit2.o)
    0x080001ca   0x080001ca   0x00000004   Code   RO         3907    .ARM.Collect$$rtexit$$00000003  c_w.l(rtexit2.o)
    0x080001ce   0x080001ce   0x00000006   Code   RO         3908    .ARM.Collect$$rtexit$$00000004  c_w.l(rtexit2.o)
    0x080001d4   0x080001d4   0x00000040   Code   RO           20    .text               startup_stm32f10x_hd.o
    0x08000214   0x08000214   0x00000028   Code   RO         3763    .text               c_w.l(noretval__2sprintf.o)
    0x0800023c   0x0800023c   0x00000068   Code   RO         3765    .text               c_w.l(__printf.o)
    0x080002a4   0x080002a4   0x00000078   Code   RO         3767    .text               c_w.l(_printf_dec.o)
    0x0800031c   0x0800031c   0x00000006   Code   RO         3791    .text               c_w.l(heapauxi.o)
    0x08000322   0x08000322   0x000000b2   Code   RO         3812    .text               c_w.l(_printf_intcommon.o)
    0x080003d4   0x080003d4   0x00000030   Code   RO         3814    .text               c_w.l(_printf_char_common.o)
    0x08000404   0x08000404   0x0000000a   Code   RO         3816    .text               c_w.l(_sputc.o)
    0x0800040e   0x0800040e   0x0000004a   Code   RO         3845    .text               c_w.l(sys_stackheap_outer.o)
    0x08000458   0x08000458   0x00000012   Code   RO         3847    .text               c_w.l(exit.o)
    0x0800046a   0x0800046a   0x00000002   PAD
    0x0800046c   0x0800046c   0x00000008   Code   RO         3855    .text               c_w.l(libspace.o)
    0x08000474   0x08000474   0x0000000c   Code   RO         3916    .text               c_w.l(sys_exit.o)
    0x08000480   0x08000480   0x00000002   Code   RO         3927    .text               c_w.l(use_no_semi.o)
    0x08000482   0x08000482   0x00000000   Code   RO         3929    .text               c_w.l(indicate_semi.o)
    0x08000482   0x08000482   0x00000006   Code   RO          307    i.ADC_ClearFlag     stm32f10x_adc.o
    0x08000488   0x08000488   0x00000016   Code   RO          309    i.ADC_Cmd           stm32f10x_adc.o
    0x0800049e   0x0800049e   0x00000002   PAD
    0x080004a0   0x080004a0   0x0000005c   Code   RO          311    i.ADC_DeInit        stm32f10x_adc.o
    0x080004fc   0x080004fc   0x00000014   Code   RO          317    i.ADC_GetCalibrationStatus  stm32f10x_adc.o
    0x08000510   0x08000510   0x00000008   Code   RO          318    i.ADC_GetConversionValue  stm32f10x_adc.o
    0x08000518   0x08000518   0x00000012   Code   RO          320    i.ADC_GetFlagStatus  stm32f10x_adc.o
    0x0800052a   0x0800052a   0x00000014   Code   RO          323    i.ADC_GetResetCalibrationStatus  stm32f10x_adc.o
    0x0800053e   0x0800053e   0x00000002   PAD
    0x08000540   0x08000540   0x00000050   Code   RO          327    i.ADC_Init          stm32f10x_adc.o
    0x08000590   0x08000590   0x000000b8   Code   RO          331    i.ADC_RegularChannelConfig  stm32f10x_adc.o
    0x08000648   0x08000648   0x0000000a   Code   RO          332    i.ADC_ResetCalibration  stm32f10x_adc.o
    0x08000652   0x08000652   0x00000016   Code   RO          334    i.ADC_SoftwareStartConvCmd  stm32f10x_adc.o
    0x08000668   0x08000668   0x0000000a   Code   RO          336    i.ADC_StartCalibration  stm32f10x_adc.o
    0x08000672   0x08000672   0x00000004   Code   RO          201    i.BusFault_Handler  stm32f10x_it.o
    0x08000676   0x08000676   0x00000002   PAD
    0x08000678   0x08000678   0x00000030   Code   RO         3622    i.Buzzer_Init       buzzer.o
    0x080006a8   0x080006a8   0x00000014   Code   RO         3623    i.Buzzer_OFF        buzzer.o
    0x080006bc   0x080006bc   0x00000014   Code   RO         3624    i.Buzzer_ON         buzzer.o
    0x080006d0   0x080006d0   0x0000005c   Code   RO         3420    i.DHT11_Check       bsp_dht11.o
    0x0800072c   0x0800072c   0x00000018   Code   RO         3421    i.DHT11_Delay_ms    bsp_dht11.o
    0x08000744   0x08000744   0x00000018   Code   RO         3422    i.DHT11_Delay_us    bsp_dht11.o
    0x0800075c   0x0800075c   0x00000040   Code   RO         3423    i.DHT11_Init        bsp_dht11.o
    0x0800079c   0x0800079c   0x00000038   Code   RO         3424    i.DHT11_Mode        bsp_dht11.o
    0x080007d4   0x080007d4   0x0000005c   Code   RO         3425    i.DHT11_Read_Bit    bsp_dht11.o
    0x08000830   0x08000830   0x0000001e   Code   RO         3426    i.DHT11_Read_Byte   bsp_dht11.o
    0x0800084e   0x0800084e   0x00000060   Code   RO         3427    i.DHT11_Read_Data   bsp_dht11.o
    0x080008ae   0x080008ae   0x00000002   PAD
    0x080008b0   0x080008b0   0x00000030   Code   RO         3428    i.DHT11_Rst         bsp_dht11.o
    0x080008e0   0x080008e0   0x00000002   Code   RO          202    i.DebugMon_Handler  stm32f10x_it.o
    0x080008e2   0x080008e2   0x00000018   Code   RO         3481    i.Delay_ms          delay.o
    0x080008fa   0x080008fa   0x0000002e   Code   RO         3483    i.Delay_us          delay.o
    0x08000928   0x08000928   0x00000116   Code   RO         1451    i.GPIO_Init         stm32f10x_gpio.o
    0x08000a3e   0x08000a3e   0x00000002   PAD
    0x08000a40   0x08000a40   0x00000090   Code   RO         1453    i.GPIO_PinRemapConfig  stm32f10x_gpio.o
    0x08000ad0   0x08000ad0   0x00000012   Code   RO         1455    i.GPIO_ReadInputDataBit  stm32f10x_gpio.o
    0x08000ae2   0x08000ae2   0x00000004   Code   RO         1458    i.GPIO_ResetBits    stm32f10x_gpio.o
    0x08000ae6   0x08000ae6   0x00000004   Code   RO         1459    i.GPIO_SetBits      stm32f10x_gpio.o
    0x08000aea   0x08000aea   0x0000000a   Code   RO         1462    i.GPIO_WriteBit     stm32f10x_gpio.o
    0x08000af4   0x08000af4   0x00000088   Code   RO         3601    i.Get_Sound_Intensity  noise.o
    0x08000b7c   0x08000b7c   0x00000004   Code   RO          203    i.HardFault_Handler  stm32f10x_it.o
    0x08000b80   0x08000b80   0x00000004   Code   RO          204    i.MemManage_Handler  stm32f10x_it.o
    0x08000b84   0x08000b84   0x00000002   Code   RO          205    i.NMI_Handler       stm32f10x_it.o
    0x08000b86   0x08000b86   0x00000002   PAD
    0x08000b88   0x08000b88   0x0000008c   Code   RO         3602    i.NOISE_Init        noise.o
    0x08000c14   0x08000c14   0x0000002a   Code   RO         3300    i.OLED_Clear        oled.o
    0x08000c3e   0x08000c3e   0x00000002   PAD
    0x08000c40   0x08000c40   0x00000050   Code   RO         3301    i.OLED_I2C_Init     oled.o
    0x08000c90   0x08000c90   0x0000005c   Code   RO         3302    i.OLED_I2C_SendByte  oled.o
    0x08000cec   0x08000cec   0x00000034   Code   RO         3303    i.OLED_I2C_Start    oled.o
    0x08000d20   0x08000d20   0x00000028   Code   RO         3304    i.OLED_I2C_Stop     oled.o
    0x08000d48   0x08000d48   0x000000ae   Code   RO         3305    i.OLED_Init         oled.o
    0x08000df6   0x08000df6   0x00000022   Code   RO         3307    i.OLED_SetCursor    oled.o
    0x08000e18   0x08000e18   0x00000044   Code   RO         3310    i.OLED_ShowChar_6x8  oled.o
    0x08000e5c   0x08000e5c   0x00000028   Code   RO         3315    i.OLED_ShowString_6x8  oled.o
    0x08000e84   0x08000e84   0x00000020   Code   RO         3316    i.OLED_WriteCommand  oled.o
    0x08000ea4   0x08000ea4   0x00000020   Code   RO         3317    i.OLED_WriteData    oled.o
    0x08000ec4   0x08000ec4   0x00000018   Code   RO         3649    i.OpenMV_Get_Signal  openmv.o
    0x08000edc   0x08000edc   0x00000024   Code   RO         3650    i.OpenMV_Init       openmv.o
    0x08000f00   0x08000f00   0x00000002   Code   RO          206    i.PendSV_Handler    stm32f10x_it.o
    0x08000f02   0x08000f02   0x00000002   PAD
    0x08000f04   0x08000f04   0x00000018   Code   RO         1877    i.RCC_ADCCLKConfig  stm32f10x_rcc.o
    0x08000f1c   0x08000f1c   0x00000020   Code   RO         1881    i.RCC_APB2PeriphClockCmd  stm32f10x_rcc.o
    0x08000f3c   0x08000f3c   0x00000020   Code   RO         1882    i.RCC_APB2PeriphResetCmd  stm32f10x_rcc.o
    0x08000f5c   0x08000f5c   0x00000024   Code   RO         3505    i.SDA_IN            sgp30.o
    0x08000f80   0x08000f80   0x00000024   Code   RO         3506    i.SDA_OUT           sgp30.o
    0x08000fa4   0x08000fa4   0x00000038   Code   RO         3507    i.SGP30_GPIO_Init   sgp30.o
    0x08000fdc   0x08000fdc   0x00000038   Code   RO         3508    i.SGP30_IIC_Ack     sgp30.o
    0x08001014   0x08001014   0x00000038   Code   RO         3509    i.SGP30_IIC_NAck    sgp30.o
    0x0800104c   0x0800104c   0x0000005c   Code   RO         3510    i.SGP30_IIC_Read_Byte  sgp30.o
    0x080010a8   0x080010a8   0x00000064   Code   RO         3511    i.SGP30_IIC_Send_Byte  sgp30.o
    0x0800110c   0x0800110c   0x00000038   Code   RO         3512    i.SGP30_IIC_Start   sgp30.o
    0x08001144   0x08001144   0x00000034   Code   RO         3513    i.SGP30_IIC_Stop    sgp30.o
    0x08001178   0x08001178   0x00000050   Code   RO         3514    i.SGP30_IIC_Wait_Ack  sgp30.o
    0x080011c8   0x080011c8   0x00000010   Code   RO         3515    i.SGP30_Init        sgp30.o
    0x080011d8   0x080011d8   0x00000048   Code   RO         3516    i.SGP30_Read        sgp30.o
    0x08001220   0x08001220   0x00000034   Code   RO         3517    i.SGP30_Write       sgp30.o
    0x08001254   0x08001254   0x00000002   Code   RO          207    i.SVC_Handler       stm32f10x_it.o
    0x08001256   0x08001256   0x00000008   Code   RO           24    i.SetSysClock       system_stm32f10x.o
    0x0800125e   0x0800125e   0x00000002   PAD
    0x08001260   0x08001260   0x000000e0   Code   RO           25    i.SetSysClockTo72   system_stm32f10x.o
    0x08001340   0x08001340   0x0000001e   Code   RO         3518    i.Sgp30_Get_Value   sgp30.o
    0x0800135e   0x0800135e   0x00000002   Code   RO          208    i.SysTick_Handler   stm32f10x_it.o
    0x08001360   0x08001360   0x00000060   Code   RO           27    i.SystemInit        system_stm32f10x.o
    0x080013c0   0x080013c0   0x00000004   Code   RO          209    i.UsageFault_Handler  stm32f10x_it.o
    0x080013c4   0x080013c4   0x000001e8   Code   RO          137    i.main              main.o
    0x080015ac   0x080015ac   0x00000018   Code   RO         3843    x$fpl$fcmpinf       fz_ws.l(fcmpi.o)
    0x080015c4   0x080015c4   0x00000026   Code   RO         3801    x$fpl$ffltu         fz_ws.l(fflt_clz.o)
    0x080015ea   0x080015ea   0x00000002   PAD
    0x080015ec   0x080015ec   0x00000068   Code   RO         3819    x$fpl$fleqf         fz_ws.l(fleqf.o)
    0x08001654   0x08001654   0x0000008c   Code   RO         3821    x$fpl$fnaninf       fz_ws.l(fnaninf.o)
    0x080016e0   0x080016e0   0x00000062   Code   RO         3809    x$fpl$frleqf        fz_ws.l(frleqf.o)
    0x08001742   0x08001742   0x00000000   Code   RO         3825    x$fpl$usenofp       fz_ws.l(usenofp.o)
    0x08001742   0x08001742   0x0000082a   Data   RO         3318    .constdata          oled.o
    0x08001f6c   0x08001f6c   0x00000020   Data   RO         3984    Region$$Table       anon$$obj.o


    Execution Region RW_IRAM1 (Exec base: 0x20000000, Load base: 0x08001f8c, Size: 0x00000690, Max: 0x0000c000, ABSOLUTE)

    Exec Addr    Load Addr    Size         Type   Attr      Idx    E Section Name        Object

    0x20000000   0x08001f8c   0x0000000d   Data   RW          139    .data               main.o
    0x2000000d   0x08001f99   0x00000003   PAD
    0x20000010        -       0x0000001e   Zero   RW          138    .bss                main.o
    0x2000002e   0x08001f99   0x00000002   PAD
    0x20000030        -       0x00000060   Zero   RW         3856    .bss                c_w.l(libspace.o)
    0x20000090        -       0x00000200   Zero   RW           18    HEAP                startup_stm32f10x_hd.o
    0x20000290        -       0x00000400   Zero   RW           17    STACK               startup_stm32f10x_hd.o


==============================================================================

Image component sizes


      Code (inc. data)   RO Data    RW Data    ZI Data      Debug   Object Name

       526         24          0          0          0       4905   bsp_dht11.o
        88         16          0          0          0       1247   buzzer.o
         0          0          0          0          0       4564   core_cm3.o
        70          0          0          0          0        874   delay.o
       488        178          0         13         30     213611   main.o
       276         14          0          0          0       1363   noise.o
       686         20       2090          0          0       5985   oled.o
        60          8          0          0          0        910   openmv.o
       790         76          0          0          0       6952   sgp30.o
        64         26        304          0       1536        764   startup_stm32f10x_hd.o
       492         24          0          0          0      17246   stm32f10x_adc.o
       458          6          0          0          0      12894   stm32f10x_gpio.o
        26          0          0          0          0       3470   stm32f10x_it.o
        88         18          0          0          0       1493   stm32f10x_rcc.o
       328         28          0          0          0      10013   system_stm32f10x.o

    ----------------------------------------------------------------------
      4458        438       2426         16       1568     286291   Object Totals
         0          0         32          0          0          0   (incl. Generated)
        18          0          0          3          2          0   (incl. Padding)

    ----------------------------------------------------------------------

      Code (inc. data)   RO Data    RW Data    ZI Data      Debug   Library Member Name

         8          0          0          0          0         68   __main.o
       104          0          0          0          0         84   __printf.o
         0          0          0          0          0          0   __rtentry.o
        12          0          0          0          0          0   __rtentry2.o
         6          0          0          0          0          0   __rtentry4.o
        52          8          0          0          0          0   __scatter.o
        26          0          0          0          0          0   __scatter_copy.o
        28          0          0          0          0          0   __scatter_zi.o
        48          6          0          0          0         96   _printf_char_common.o
         6          0          0          0          0          0   _printf_d.o
       120         16          0          0          0         92   _printf_dec.o
       178          0          0          0          0         88   _printf_intcommon.o
         0          0          0          0          0          0   _printf_percent.o
         4          0          0          0          0          0   _printf_percent_end.o
        10          0          0          0          0         68   _sputc.o
        18          0          0          0          0         80   exit.o
         6          0          0          0          0        152   heapauxi.o
         0          0          0          0          0          0   indicate_semi.o
         2          0          0          0          0          0   libinit.o
         2          0          0          0          0          0   libinit2.o
         2          0          0          0          0          0   libshutdown.o
         2          0          0          0          0          0   libshutdown2.o
         8          4          0          0         96         68   libspace.o
        40          6          0          0          0         84   noretval__2sprintf.o
         2          0          0          0          0          0   rtexit.o
        10          0          0          0          0          0   rtexit2.o
        12          4          0          0          0         68   sys_exit.o
        74          0          0          0          0         80   sys_stackheap_outer.o
         2          0          0          0          0         68   use_no_semi.o
        24          0          0          0          0         68   fcmpi.o
        38          0          0          0          0         68   fflt_clz.o
       104          4          0          0          0         84   fleqf.o
       140          4          0          0          0         84   fnaninf.o
        98          0          0          0          0         68   frleqf.o
         0          0          0          0          0          0   usenofp.o

    ----------------------------------------------------------------------
      1192         52          0          0         96       1468   Library Totals
         6          0          0          0          0          0   (incl. Padding)

    ----------------------------------------------------------------------

      Code (inc. data)   RO Data    RW Data    ZI Data      Debug   Library Name

       782         44          0          0         96       1096   c_w.l
       404          8          0          0          0        372   fz_ws.l

    ----------------------------------------------------------------------
      1192         52          0          0         96       1468   Library Totals

    ----------------------------------------------------------------------

==============================================================================


      Code (inc. data)   RO Data    RW Data    ZI Data      Debug   

      5650        490       2426         16       1664     283231   Grand Totals
      5650        490       2426         16       1664     283231   ELF Image Totals
      5650        490       2426         16          0          0   ROM Totals

==============================================================================

    Total RO  Size (Code + RO Data)                 8076 (   7.89kB)
    Total RW  Size (RW Data + ZI Data)              1680 (   1.64kB)
    Total ROM Size (Code + RO Data + RW Data)       8092 (   7.90kB)

==============================================================================

